Archive member included to satisfy reference by file (symbol)

e:/gcc-arm-none-eabi-10.3-2021.10-win32/gcc-arm-none-eabi-10.3-2021.10/bin/../lib/gcc/arm-none-eabi/10.3.1/thumb/v7e-m/nofp\libgcc.a(_aeabi_uldivmod.o)
                              CMakeFiles/adc.elf.dir/Drivers/STM32F4xx_HAL_Driver/Src/stm32f4xx_hal_rcc.c.obj (__aeabi_uldivmod)
e:/gcc-arm-none-eabi-10.3-2021.10-win32/gcc-arm-none-eabi-10.3-2021.10/bin/../lib/gcc/arm-none-eabi/10.3.1/thumb/v7e-m/nofp\libgcc.a(_udivmoddi4.o)
                              e:/gcc-arm-none-eabi-10.3-2021.10-win32/gcc-arm-none-eabi-10.3-2021.10/bin/../lib/gcc/arm-none-eabi/10.3.1/thumb/v7e-m/nofp\libgcc.a(_aeabi_uldivmod.o) (__udivmoddi4)
e:/gcc-arm-none-eabi-10.3-2021.10-win32/gcc-arm-none-eabi-10.3-2021.10/bin/../lib/gcc/arm-none-eabi/10.3.1/thumb/v7e-m/nofp\libgcc.a(_dvmd_tls.o)
                              e:/gcc-arm-none-eabi-10.3-2021.10-win32/gcc-arm-none-eabi-10.3-2021.10/bin/../lib/gcc/arm-none-eabi/10.3.1/thumb/v7e-m/nofp\libgcc.a(_aeabi_uldivmod.o) (__aeabi_ldiv0)
e:/gcc-arm-none-eabi-10.3-2021.10-win32/gcc-arm-none-eabi-10.3-2021.10/bin/../lib/gcc/arm-none-eabi/10.3.1/../../../../arm-none-eabi/lib/thumb/v7e-m/nofp\libg.a(lib_a-errno.o)
                              CMakeFiles/adc.elf.dir/Core/Src/syscalls.c.obj (__errno)
e:/gcc-arm-none-eabi-10.3-2021.10-win32/gcc-arm-none-eabi-10.3-2021.10/bin/../lib/gcc/arm-none-eabi/10.3.1/../../../../arm-none-eabi/lib/thumb/v7e-m/nofp\libg.a(lib_a-exit.o)
                              e:/gcc-arm-none-eabi-10.3-2021.10-win32/gcc-arm-none-eabi-10.3-2021.10/bin/../lib/gcc/arm-none-eabi/10.3.1/../../../../arm-none-eabi/lib/thumb/v7e-m/nofp/crt0.o (exit)
e:/gcc-arm-none-eabi-10.3-2021.10-win32/gcc-arm-none-eabi-10.3-2021.10/bin/../lib/gcc/arm-none-eabi/10.3.1/../../../../arm-none-eabi/lib/thumb/v7e-m/nofp\libg.a(lib_a-impure.o)
                              e:/gcc-arm-none-eabi-10.3-2021.10-win32/gcc-arm-none-eabi-10.3-2021.10/bin/../lib/gcc/arm-none-eabi/10.3.1/../../../../arm-none-eabi/lib/thumb/v7e-m/nofp\libg.a(lib_a-exit.o) (_global_impure_ptr)
e:/gcc-arm-none-eabi-10.3-2021.10-win32/gcc-arm-none-eabi-10.3-2021.10/bin/../lib/gcc/arm-none-eabi/10.3.1/../../../../arm-none-eabi/lib/thumb/v7e-m/nofp\libg.a(lib_a-init.o)
                              e:/gcc-arm-none-eabi-10.3-2021.10-win32/gcc-arm-none-eabi-10.3-2021.10/bin/../lib/gcc/arm-none-eabi/10.3.1/../../../../arm-none-eabi/lib/thumb/v7e-m/nofp/crt0.o (__libc_init_array)
e:/gcc-arm-none-eabi-10.3-2021.10-win32/gcc-arm-none-eabi-10.3-2021.10/bin/../lib/gcc/arm-none-eabi/10.3.1/../../../../arm-none-eabi/lib/thumb/v7e-m/nofp\libg.a(lib_a-memset.o)
                              e:/gcc-arm-none-eabi-10.3-2021.10-win32/gcc-arm-none-eabi-10.3-2021.10/bin/../lib/gcc/arm-none-eabi/10.3.1/../../../../arm-none-eabi/lib/thumb/v7e-m/nofp/crt0.o (memset)
e:/gcc-arm-none-eabi-10.3-2021.10-win32/gcc-arm-none-eabi-10.3-2021.10/bin/../lib/gcc/arm-none-eabi/10.3.1/../../../../arm-none-eabi/lib/thumb/v7e-m/nofp\libg.a(lib_a-snprintf.o)
                              CMakeFiles/adc.elf.dir/Core/Src/main.c.obj (snprintf)
e:/gcc-arm-none-eabi-10.3-2021.10-win32/gcc-arm-none-eabi-10.3-2021.10/bin/../lib/gcc/arm-none-eabi/10.3.1/../../../../arm-none-eabi/lib/thumb/v7e-m/nofp\libg.a(lib_a-svfprintf.o)
                              e:/gcc-arm-none-eabi-10.3-2021.10-win32/gcc-arm-none-eabi-10.3-2021.10/bin/../lib/gcc/arm-none-eabi/10.3.1/../../../../arm-none-eabi/lib/thumb/v7e-m/nofp\libg.a(lib_a-snprintf.o) (_svfprintf_r)
e:/gcc-arm-none-eabi-10.3-2021.10-win32/gcc-arm-none-eabi-10.3-2021.10/bin/../lib/gcc/arm-none-eabi/10.3.1/../../../../arm-none-eabi/lib/thumb/v7e-m/nofp\libg.a(lib_a-__call_atexit.o)
                              e:/gcc-arm-none-eabi-10.3-2021.10-win32/gcc-arm-none-eabi-10.3-2021.10/bin/../lib/gcc/arm-none-eabi/10.3.1/../../../../arm-none-eabi/lib/thumb/v7e-m/nofp\libg.a(lib_a-exit.o) (__call_exitprocs)
e:/gcc-arm-none-eabi-10.3-2021.10-win32/gcc-arm-none-eabi-10.3-2021.10/bin/../lib/gcc/arm-none-eabi/10.3.1/../../../../arm-none-eabi/lib/thumb/v7e-m/nofp\libg.a(lib_a-atexit.o)
                              e:/gcc-arm-none-eabi-10.3-2021.10-win32/gcc-arm-none-eabi-10.3-2021.10/bin/../lib/gcc/arm-none-eabi/10.3.1/../../../../arm-none-eabi/lib/thumb/v7e-m/nofp\libg.a(lib_a-__call_atexit.o) (atexit)
e:/gcc-arm-none-eabi-10.3-2021.10-win32/gcc-arm-none-eabi-10.3-2021.10/bin/../lib/gcc/arm-none-eabi/10.3.1/../../../../arm-none-eabi/lib/thumb/v7e-m/nofp\libg.a(lib_a-dtoa.o)
                              e:/gcc-arm-none-eabi-10.3-2021.10-win32/gcc-arm-none-eabi-10.3-2021.10/bin/../lib/gcc/arm-none-eabi/10.3.1/../../../../arm-none-eabi/lib/thumb/v7e-m/nofp\libg.a(lib_a-svfprintf.o) (_dtoa_r)
e:/gcc-arm-none-eabi-10.3-2021.10-win32/gcc-arm-none-eabi-10.3-2021.10/bin/../lib/gcc/arm-none-eabi/10.3.1/../../../../arm-none-eabi/lib/thumb/v7e-m/nofp\libg.a(lib_a-fini.o)
[...]
Memory Configuration

Name             Origin             Length             Attributes
CCMRAM           0x10000000         0x00010000         xrw
RAM              0x20000000         0x00020000         xrw
FLASH            0x08000000         0x00100000         xr
*default*        0x00000000         0xffffffff

Linker script and memory map

LOAD e:/gcc-arm-none-eabi-10.3-2021.10-win32/gcc-arm-none-eabi-10.3-2021.10/bin/../lib/gcc/arm-none-eabi/10.3.1/thumb/v7e-m/nofp/crti.o
LOAD e:/gcc-arm-none-eabi-10.3-2021.10-win32/gcc-arm-none-eabi-10.3-2021.10/bin/../lib/gcc/arm-none-eabi/10.3.1/thumb/v7e-m/nofp/crtbegin.o
LOAD e:/gcc-arm-none-eabi-10.3-2021.10-win32/gcc-arm-none-eabi-10.3-2021.10/bin/../lib/gcc/arm-none-eabi/10.3.1/../../../../arm-none-eabi/lib/thumb/v7e-m/nofp/crt0.o
LOAD CMakeFiles/adc.elf.dir/Core/Src/adc.c.obj
LOAD CMakeFiles/adc.elf.dir/Core/Src/dma.c.obj
LOAD CMakeFiles/adc.elf.dir/Core/Src/gpio.c.obj
LOAD CMakeFiles/adc.elf.dir/Core/Src/main.c.obj
LOAD CMakeFiles/adc.elf.dir/Core/Src/stm32f4xx_hal_msp.c.obj
LOAD CMakeFiles/adc.elf.dir/Core/Src/stm32f4xx_it.c.obj
LOAD CMakeFiles/adc.elf.dir/Core/Src/syscalls.c.obj
LOAD CMakeFiles/adc.elf.dir/Core/Src/sysmem.c.obj
LOAD CMakeFiles/adc.elf.dir/Core/Src/system_stm32f4xx.c.obj
LOAD CMakeFiles/adc.elf.dir/Core/Src/usart.c.obj
LOAD CMakeFiles/adc.elf.dir/Core/Startup/startup_stm32f407zgtx.s.obj
LOAD CMakeFiles/adc.elf.dir/Drivers/STM32F4xx_HAL_Driver/Src/stm32f4xx_hal.c.obj
LOAD CMakeFiles/adc.elf.dir/Drivers/STM32F4xx_HAL_Driver/Src/stm32f4xx_hal_adc.c.obj
LOAD CMakeFiles/adc.elf.dir/Drivers/STM32F4xx_HAL_Driver/Src/stm32f4xx_hal_adc_ex.c.obj
LOAD CMakeFiles/adc.elf.dir/Drivers/STM32F4xx_HAL_Driver/Src/stm32f4xx_hal_cortex.c.obj
LOAD CMakeFiles/adc.elf.dir/Drivers/STM32F4xx_HAL_Driver/Src/stm32f4xx_hal_dma.c.obj
LOAD CMakeFiles/adc.elf.dir/Drivers/STM32F4xx_HAL_Driver/Src/stm32f4xx_hal_dma_ex.c.obj
LOAD CMakeFiles/adc.elf.dir/Drivers/STM32F4xx_HAL_Driver/Src/stm32f4xx_hal_exti.c.obj
LOAD CMakeFiles/adc.elf.dir/Drivers/STM32F4xx_HAL_Driver/Src/stm32f4xx_hal_flash.c.obj
LOAD CMakeFiles/adc.elf.dir/Drivers/STM32F4xx_HAL_Driver/Src/stm32f4xx_hal_flash_ex.c.obj
LOAD CMakeFiles/adc.elf.dir/Drivers/STM32F4xx_HAL_Driver/Src/stm32f4xx_hal_flash_ramfunc.c.obj
LOAD CMakeFiles/adc.elf.dir/Drivers/STM32F4xx_HAL_Driver/Src/stm32f4xx_hal_gpio.c.obj
LOAD CMakeFiles/adc.elf.dir/Drivers/STM32F4xx_HAL_Driver/Src/stm32f4xx_hal_pwr.c.obj
LOAD CMakeFiles/adc.elf.dir/Drivers/STM32F4xx_HAL_Driver/Src/stm32f4xx_hal_pwr_ex.c.obj
LOAD CMakeFiles/adc.elf.dir/Drivers/STM32F4xx_HAL_Driver/Src/stm32f4xx_hal_rcc.c.obj
LOAD CMakeFiles/adc.elf.dir/Drivers/STM32F4xx_HAL_Driver/Src/stm32f4xx_hal_rcc_ex.c.obj
LOAD CMakeFiles/adc.elf.dir/Drivers/STM32F4xx_HAL_Driver/Src/stm32f4xx_hal_tim.c.obj
LOAD CMakeFiles/adc.elf.dir/Drivers/STM32F4xx_HAL_Driver/Src/stm32f4xx_hal_tim_ex.c.obj
LOAD CMakeFiles/adc.elf.dir/Drivers/STM32F4xx_HAL_Driver/Src/stm32f4xx_hal_uart.c.obj
LOAD CMakeFiles/adc.elf.dir/Drivers/STM32F4xx_HAL_Driver/Src/stm32f4xx_ll_adc.c.obj
START GROUP
LOAD e:/gcc-arm-none-eabi-10.3-2021.10-win32/gcc-arm-none-eabi-10.3-2021.10/bin/../lib/gcc/arm-none-eabi/10.3.1/thumb/v7e-m/nofp\libgcc.a
LOAD e:/gcc-arm-none-eabi-10.3-2021.10-win32/gcc-arm-none-eabi-10.3-2021.10/bin/../lib/gcc/arm-none-eabi/10.3.1/../../../../arm-none-eabi/lib/thumb/v7e-m/nofp\libg.a
LOAD e:/gcc-arm-none-eabi-10.3-2021.10-win32/gcc-arm-none-eabi-10.3-2021.10/bin/../lib/gcc/arm-none-eabi/10.3.1/../../../../arm-none-eabi/lib/thumb/v7e-m/nofp\libc.a
END GROUP
LOAD e:/gcc-arm-none-eabi-10.3-2021.10-win32/gcc-arm-none-eabi-10.3-2021.10/bin/../lib/gcc/arm-none-eabi/10.3.1/thumb/v7e-m/nofp/crtend.o
LOAD e:/gcc-arm-none-eabi-10.3-2021.10-win32/gcc-arm-none-eabi-10.3-2021.10/bin/../lib/gcc/arm-none-eabi/10.3.1/thumb/v7e-m/nofp/crtn.o
                0x20020000                _estack = (ORIGIN (RAM) + LENGTH (RAM))
                0x00000200                _Min_Heap_Size = 0x200
                0x00000400                _Min_Stack_Size = 0x400

.isr_vector     0x08000000      0x188
                0x08000000                . = ALIGN (0x4)
 *(.isr_vector)
 .isr_vector    0x08000000      0x188 CMakeFiles/adc.elf.dir/Core/Startup/startup_stm32f407zgtx.s.obj
                0x08000000                g_pfnVectors
                0x08000188                . = ALIGN (0x4)

.text           0x080001c0     0x8eb8
                0x080001c0                . = ALIGN (0x4)
 *(.text)
 .text          0x080001c0       0x40 e:/gcc-arm-none-eabi-10.3-2021.10-win32/gcc-arm-none-eabi-10.3-2021.10/bin/../lib/gcc/arm-none-eabi/10.3.1/thumb/v7e-m/nofp/crtbegin.o
 .text          0x08000200       0x30 e:/gcc-arm-none-eabi-10.3-2021.10-win32/gcc-arm-none-eabi-10.3-2021.10/bin/../lib/gcc/arm-none-eabi/10.3.1/thumb/v7e-m/nofp\libgcc.a(_aeabi_uldivmod.o)
                0x08000200                __aeabi_uldivmod
 .text          0x08000230      0x2d0 e:/gcc-arm-none-eabi-10.3-2021.10-win32/gcc-arm-none-eabi-10.3-2021.10/bin/../lib/gcc/arm-none-eabi/10.3.1/thumb/v7e-m/nofp\libgcc.a(_udivmoddi4.o)
                0x08000230                __udivmoddi4
 .text          0x08000500        0x4 e:/gcc-arm-none-eabi-10.3-2021.10-win32/gcc-arm-none-eabi-10.3-2021.10/bin/../lib/gcc/arm-none-eabi/10.3.1/thumb/v7e-m/nofp\libgcc.a(_dvmd_tls.o)
                0x08000500                __aeabi_idiv0
                0x08000500                __aeabi_ldiv0
 *fill*         0x08000504        0xc 
 .text          0x08000510       0xa0 e:/gcc-arm-none-eabi-10.3-2021.10-win32/gcc-arm-none-eabi-10.3-2021.10/bin/../lib/gcc/arm-none-eabi/10.3.1/../../../../arm-none-eabi/lib/thumb/v7e-m/nofp\libg.a(lib_a-memchr.o)
                0x08000510                memchr
 .text          0x080005b0      0x134 e:/gcc-arm-none-eabi-10.3-2021.10-win32/gcc-arm-none-eabi-10.3-2021.10/bin/../lib/gcc/arm-none-eabi/10.3.1/../../../../arm-none-eabi/lib/thumb/v7e-m/nofp\libg.a(lib_a-memcpy.o)
                0x080005b0                memcpy
 *fill*         0x080006e4       0x1c 
 .text          0x08000700       0xdc e:/gcc-arm-none-eabi-10.3-2021.10-win32/gcc-arm-none-eabi-10.3-2021.10/bin/../lib/gcc/arm-none-eabi/10.3.1/../../../../arm-none-eabi/lib/thumb/v7e-m/nofp\libg.a(lib_a-strlen.o)
                0x08000700                strlen
 .text          0x080007dc      0x378 e:/gcc-arm-none-eabi-10.3-2021.10-win32/gcc-arm-none-eabi-10.3-2021.10/bin/../lib/gcc/arm-none-eabi/10.3.1/thumb/v7e-m/nofp\libgcc.a(_arm_addsubdf3.o)
                0x080007dc                __aeabi_drsub
                0x080007e4                __aeabi_dsub
                0x080007e4                __subdf3
                0x080007e8                __aeabi_dadd
                0x080007e8                __adddf3
                0x08000a60                __floatunsidf
                0x08000a60                __aeabi_ui2d
                0x08000a80                __floatsidf
                0x08000a80                __aeabi_i2d
                0x08000aa4                __aeabi_f2d
                0x08000aa4                __extendsfdf2
                0x08000ae8                __floatundidf
                0x08000ae8                __aeabi_ul2d
                0x08000af8                __floatdidf
                0x08000af8                __aeabi_l2d
 .text          0x08000b54      0x424 e:/gcc-arm-none-eabi-10.3-2021.10-win32/gcc-arm-none-eabi-10.3-2021.10/bin/../lib/gcc/arm-none-eabi/10.3.1/thumb/v7e-m/nofp\libgcc.a(_arm_muldivdf3.o)
                0x08000b54                __aeabi_dmul
                0x08000b54                __muldf3
                0x08000da8                __divdf3
                0x08000da8                __aeabi_ddiv
 .text          0x08000f78      0x110 e:/gcc-arm-none-eabi-10.3-2021.10-win32/gcc-arm-none-eabi-10.3-2021.10/bin/../lib/gcc/arm-none-eabi/10.3.1/thumb/v7e-m/nofp\libgcc.a(_arm_cmpdf2.o)
                0x08000f78                __gtdf2
                0x08000f78                __gedf2
                0x08000f80                __ltdf2
                0x08000f80                __ledf2
                0x08000f88                __nedf2
                0x08000f88                __eqdf2
                0x08000f88                __cmpdf2
                0x08001004                __aeabi_cdrcmple
                0x08001014                __aeabi_cdcmpeq
                0x08001014                __aeabi_cdcmple
                0x08001024                __aeabi_dcmpeq
                0x08001038                __aeabi_dcmplt
                0x0800104c                __aeabi_dcmple
                0x08001060                __aeabi_dcmpge
                0x08001074                __aeabi_dcmpgt
 .text          0x08001088       0x2c e:/gcc-arm-none-eabi-10.3-2021.10-win32/gcc-arm-none-eabi-10.3-2021.10/bin/../lib/gcc/arm-none-eabi/10.3.1/thumb/v7e-m/nofp\libgcc.a(_arm_unorddf2.o)
                0x08001088                __unorddf2
                0x08001088                __aeabi_dcmpun
 .text          0x080010b4       0x50 e:/gcc-arm-none-eabi-10.3-2021.10-win32/gcc-arm-none-eabi-10.3-2021.10/bin/../lib/gcc/arm-none-eabi/10.3.1/thumb/v7e-m/nofp\libgcc.a(_arm_fixdfsi.o)
                0x080010b4                __aeabi_d2iz
                0x080010b4                __fixdfsi
 *(.text*)
 .text.MX_ADC1_Init
                0x08001104       0x70 CMakeFiles/adc.elf.dir/Core/Src/adc.c.obj
                0x08001104                MX_ADC1_Init
 .text.HAL_ADC_MspInit
                0x08001174       0xac CMakeFiles/adc.elf.dir/Core/Src/adc.c.obj
                0x08001174                HAL_ADC_MspInit
 .text.MX_DMA_Init
                0x08001220       0x34 CMakeFiles/adc.elf.dir/Core/Src/dma.c.obj
                0x08001220                MX_DMA_Init
 .text.MX_GPIO_Init
                0x08001254       0x4c CMakeFiles/adc.elf.dir/Core/Src/gpio.c.obj
                0x08001254                MX_GPIO_Init
 .text.Error_Handler
                0x080012a0        0x4 CMakeFiles/adc.elf.dir/Core/Src/main.c.obj
                0x080012a0                Error_Handler
 .text.SystemClock_Config
                0x080012a4       0xa8 CMakeFiles/adc.elf.dir/Core/Src/main.c.obj
                0x080012a4                SystemClock_Config
 .text.main     0x0800134c       0x84 CMakeFiles/adc.elf.dir/Core/Src/main.c.obj
                0x0800134c                main
 .text.HAL_MspInit
                0x080013d0       0x38 CMakeFiles/adc.elf.dir/Core/Src/stm32f4xx_hal_msp.c.obj
                0x080013d0                HAL_MspInit
 .text.NMI_Handler
                0x08001408        0x2 CMakeFiles/adc.elf.dir/Core/Src/stm32f4xx_it.c.obj
                0x08001408                NMI_Handler
 .text.HardFault_Handler
                0x0800140a        0x2 CMakeFiles/adc.elf.dir/Core/Src/stm32f4xx_it.c.obj
                0x0800140a                HardFault_Handler
 .text.MemManage_Handler
                0x0800140c        0x2 CMakeFiles/adc.elf.dir/Core/Src/stm32f4xx_it.c.obj
                0x0800140c                MemManage_Handler
 .text.BusFault_Handler
                0x0800140e        0x2 CMakeFiles/adc.elf.dir/Core/Src/stm32f4xx_it.c.obj
                0x0800140e                BusFault_Handler
 .text.UsageFault_Handler
                0x08001410        0x2 CMakeFiles/adc.elf.dir/Core/Src/stm32f4xx_it.c.obj
                0x08001410                UsageFault_Handler
 .text.SVC_Handler
                0x08001412        0x2 CMakeFiles/adc.elf.dir/Core/Src/stm32f4xx_it.c.obj
                0x08001412                SVC_Handler
 .text.DebugMon_Handler
                0x08001414        0x2 CMakeFiles/adc.elf.dir/Core/Src/stm32f4xx_it.c.obj
                0x08001414                DebugMon_Handler
 .text.PendSV_Handler
                0x08001416        0x2 CMakeFiles/adc.elf.dir/Core/Src/stm32f4xx_it.c.obj
                0x08001416                PendSV_Handler
 .text.SysTick_Handler
                0x08001418        0x8 CMakeFiles/adc.elf.dir/Core/Src/stm32f4xx_it.c.obj
                0x08001418                SysTick_Handler
 .text.USART1_IRQHandler
                0x08001420       0x10 CMakeFiles/adc.elf.dir/Core/Src/stm32f4xx_it.c.obj
                0x08001420                USART1_IRQHandler
 .text.DMA2_Stream0_IRQHandler
                0x08001430       0x10 CMakeFiles/adc.elf.dir/Core/Src/stm32f4xx_it.c.obj
                0x08001430                DMA2_Stream0_IRQHandler
 .text._getpid  0x08001440        0x4 CMakeFiles/adc.elf.dir/Core/Src/syscalls.c.obj
                0x08001440                _getpid
 .text._kill    0x08001444       0x10 CMakeFiles/adc.elf.dir/Core/Src/syscalls.c.obj
                0x08001444                _kill
 .text._exit    0x08001454        0xc CMakeFiles/adc.elf.dir/Core/Src/syscalls.c.obj
                0x08001454                _exit
 .text._read    0x08001460       0x20 CMakeFiles/adc.elf.dir/Core/Src/syscalls.c.obj
                0x08001460                _read
 .text._write   0x08001480       0x1c CMakeFiles/adc.elf.dir/Core/Src/syscalls.c.obj
                0x08001480                _write
 .text._close   0x0800149c        0x6 CMakeFiles/adc.elf.dir/Core/Src/syscalls.c.obj
                0x0800149c                _close
 .text._fstat   0x080014a2        0xa CMakeFiles/adc.elf.dir/Core/Src/syscalls.c.obj
                0x080014a2                _fstat
 .text._isatty  0x080014ac        0x4 CMakeFiles/adc.elf.dir/Core/Src/syscalls.c.obj
                0x080014ac                _isatty
 .text._lseek   0x080014b0        0x4 CMakeFiles/adc.elf.dir/Core/Src/syscalls.c.obj
                0x080014b0                _lseek
 .text._sbrk    0x080014b4       0x48 CMakeFiles/adc.elf.dir/Core/Src/sysmem.c.obj
                0x080014b4                _sbrk
 .text.SystemInit
                0x080014fc        0x2 CMakeFiles/adc.elf.dir/Core/Src/system_stm32f4xx.c.obj
                0x080014fc                SystemInit
 *fill*         0x080014fe        0x2 
 .text.MX_USART1_UART_Init
                0x08001500       0x34 CMakeFiles/adc.elf.dir/Core/Src/usart.c.obj
                0x08001500                MX_USART1_UART_Init
 .text.HAL_UART_MspInit
                0x08001534       0x80 CMakeFiles/adc.elf.dir/Core/Src/usart.c.obj
                0x08001534                HAL_UART_MspInit
 .text.Reset_Handler
                0x080015b4       0x50 CMakeFiles/adc.elf.dir/Core/Startup/startup_stm32f407zgtx.s.obj
                0x080015b4                Reset_Handler
 .text.Default_Handler
                0x08001604        0x2 CMakeFiles/adc.elf.dir/Core/Startup/startup_stm32f407zgtx.s.obj
                0x08001604                RTC_Alarm_IRQHandler
                0x08001604                HASH_RNG_IRQHandler
                0x08001604                EXTI2_IRQHandler
                0x08001604                TIM8_CC_IRQHandler
                0x08001604                TIM1_CC_IRQHandler
                0x08001604                DMA2_Stream5_IRQHandler
                0x08001604                DMA1_Stream5_IRQHandler
                0x08001604                PVD_IRQHandler
                0x08001604                SDIO_IRQHandler
                0x08001604                TAMP_STAMP_IRQHandler
                0x08001604                CAN2_RX1_IRQHandler
                0x08001604                EXTI3_IRQHandler
                0x08001604                TIM8_TRG_COM_TIM14_IRQHandler
                0x08001604                TIM1_UP_TIM10_IRQHandler
                0x08001604                TIM8_UP_TIM13_IRQHandler
                0x08001604                I2C3_ER_IRQHandler
                0x08001604                EXTI0_IRQHandler
                0x08001604                I2C2_EV_IRQHandler
                0x08001604                DMA1_Stream2_IRQHandler
                0x08001604                CAN1_RX0_IRQHandler
                0x08001604                FPU_IRQHandler
                0x08001604                OTG_HS_WKUP_IRQHandler
                0x08001604                CAN2_SCE_IRQHandler
                0x08001604                DMA2_Stream2_IRQHandler
                0x08001604                SPI1_IRQHandler
                0x08001604                TIM6_DAC_IRQHandler
                0x08001604                TIM1_BRK_TIM9_IRQHandler
                0x08001604                DCMI_IRQHandler
                0x08001604                CAN2_RX0_IRQHandler
                0x08001604                DMA2_Stream3_IRQHandler
                0x08001604                USART6_IRQHandler
                0x08001604                USART3_IRQHandler
                0x08001604                CAN1_RX1_IRQHandler
                0x08001604                UART5_IRQHandler
                0x08001604                TIM4_IRQHandler
                0x08001604                I2C1_EV_IRQHandler
                0x08001604                DMA1_Stream6_IRQHandler
                0x08001604                DMA1_Stream1_IRQHandler
                0x08001604                UART4_IRQHandler
                0x08001604                TIM3_IRQHandler
                0x08001604                RCC_IRQHandler
                0x08001604                TIM8_BRK_TIM12_IRQHandler
                0x08001604                Default_Handler
                0x08001604                EXTI15_10_IRQHandler
                0x08001604                ADC_IRQHandler
                0x08001604                DMA1_Stream7_IRQHandler
                0x08001604                TIM7_IRQHandler
                0x08001604                CAN2_TX_IRQHandler
                0x08001604                TIM5_IRQHandler
                0x08001604                DMA2_Stream7_IRQHandler
                0x08001604                I2C3_EV_IRQHandler
                0x08001604                EXTI9_5_IRQHandler
                0x08001604                RTC_WKUP_IRQHandler
                0x08001604                ETH_WKUP_IRQHandler
                0x08001604                SPI2_IRQHandler
                0x08001604                OTG_HS_EP1_IN_IRQHandler
                0x08001604                DMA1_Stream0_IRQHandler
                0x08001604                CAN1_TX_IRQHandler
                0x08001604                EXTI4_IRQHandler
                0x08001604                FSMC_IRQHandler
                0x08001604                ETH_IRQHandler
                0x08001604                OTG_HS_EP1_OUT_IRQHandler
                0x08001604                WWDG_IRQHandler
                0x08001604                TIM2_IRQHandler
                0x08001604                OTG_FS_WKUP_IRQHandler
                0x08001604                TIM1_TRG_COM_TIM11_IRQHandler
                0x08001604                OTG_HS_IRQHandler
                0x08001604                EXTI1_IRQHandler
                0x08001604                USART2_IRQHandler
                0x08001604                I2C2_ER_IRQHandler
                0x08001604                DMA2_Stream1_IRQHandler
                0x08001604                CAN1_SCE_IRQHandler
                0x08001604                FLASH_IRQHandler
                0x08001604                DMA2_Stream4_IRQHandler
                0x08001604                OTG_FS_IRQHandler
                0x08001604                SPI3_IRQHandler
                0x08001604                DMA1_Stream4_IRQHandler
                0x08001604                I2C1_ER_IRQHandler
                0x08001604                DMA2_Stream6_IRQHandler
                0x08001604                DMA1_Stream3_IRQHandler
 *fill*         0x08001606        0x2 
 .text.HAL_InitTick
                0x08001608       0x4c CMakeFiles/adc.elf.dir/Drivers/STM32F4xx_HAL_Driver/Src/stm32f4xx_hal.c.obj
                0x08001608                HAL_InitTick
 .text.HAL_Init
                0x08001654       0x34 CMakeFiles/adc.elf.dir/Drivers/STM32F4xx_HAL_Driver/Src/stm32f4xx_hal.c.obj
                0x08001654                HAL_Init
 .text.HAL_IncTick
                0x08001688       0x18 CMakeFiles/adc.elf.dir/Drivers/STM32F4xx_HAL_Driver/Src/stm32f4xx_hal.c.obj
                0x08001688                HAL_IncTick
 .text.HAL_GetTick
                0x080016a0        0xc CMakeFiles/adc.elf.dir/Drivers/STM32F4xx_HAL_Driver/Src/stm32f4xx_hal.c.obj
                0x080016a0                HAL_GetTick
 .text.HAL_Delay
                0x080016ac       0x28 CMakeFiles/adc.elf.dir/Drivers/STM32F4xx_HAL_Driver/Src/stm32f4xx_hal.c.obj
                0x080016ac                HAL_Delay
 .text.ADC_Init
                0x080016d4      0x134 CMakeFiles/adc.elf.dir/Drivers/STM32F4xx_HAL_Driver/Src/stm32f4xx_hal_adc.c.obj
 .text.HAL_ADC_Init
                0x08001808       0x56 CMakeFiles/adc.elf.dir/Drivers/STM32F4xx_HAL_Driver/Src/stm32f4xx_hal_adc.c.obj
                0x08001808                HAL_ADC_Init
 *fill*         0x0800185e        0x2 
 .text.HAL_ADC_Start_DMA
                0x08001860      0x19c CMakeFiles/adc.elf.dir/Drivers/STM32F4xx_HAL_Driver/Src/stm32f4xx_hal_adc.c.obj
                0x08001860                HAL_ADC_Start_DMA
 .text.HAL_ADC_ConvCpltCallback
                0x080019fc        0x2 CMakeFiles/adc.elf.dir/Drivers/STM32F4xx_HAL_Driver/Src/stm32f4xx_hal_adc.c.obj
                0x080019fc                HAL_ADC_ConvCpltCallback
 .text.HAL_ADC_ConvHalfCpltCallback
                0x080019fe        0x2 CMakeFiles/adc.elf.dir/Drivers/STM32F4xx_HAL_Driver/Src/stm32f4xx_hal_adc.c.obj
                0x080019fe                HAL_ADC_ConvHalfCpltCallback
 .text.ADC_DMAHalfConvCplt
                0x08001a00        0xa CMakeFiles/adc.elf.dir/Drivers/STM32F4xx_HAL_Driver/Src/stm32f4xx_hal_adc.c.obj
 .text.HAL_ADC_ErrorCallback
                0x08001a0a        0x2 CMakeFiles/adc.elf.dir/Drivers/STM32F4xx_HAL_Driver/Src/stm32f4xx_hal_adc.c.obj
                0x08001a0a                HAL_ADC_ErrorCallback
 .text.ADC_DMAError
                0x08001a0c       0x16 CMakeFiles/adc.elf.dir/Drivers/STM32F4xx_HAL_Driver/Src/stm32f4xx_hal_adc.c.obj
 .text.ADC_DMAConvCplt
                0x08001a22       0x72 CMakeFiles/adc.elf.dir/Drivers/STM32F4xx_HAL_Driver/Src/stm32f4xx_hal_adc.c.obj
 .text.HAL_ADC_ConfigChannel
                0x08001a94      0x198 CMakeFiles/adc.elf.dir/Drivers/STM32F4xx_HAL_Driver/Src/stm32f4xx_hal_adc.c.obj
                0x08001a94                HAL_ADC_ConfigChannel
 .text.HAL_NVIC_SetPriorityGrouping
                0x08001c2c       0x24 CMakeFiles/adc.elf.dir/Drivers/STM32F4xx_HAL_Driver/Src/stm32f4xx_hal_cortex.c.obj
                0x08001c2c                HAL_NVIC_SetPriorityGrouping
 .text.HAL_NVIC_SetPriority
                0x08001c50       0x70 CMakeFiles/adc.elf.dir/Drivers/STM32F4xx_HAL_Driver/Src/stm32f4xx_hal_cortex.c.obj
                0x08001c50                HAL_NVIC_SetPriority
 .text.HAL_NVIC_EnableIRQ
                0x08001cc0       0x1c CMakeFiles/adc.elf.dir/Drivers/STM32F4xx_HAL_Driver/Src/stm32f4xx_hal_cortex.c.obj
                0x08001cc0                HAL_NVIC_EnableIRQ
 .text.HAL_SYSTICK_Config
                0x08001cdc       0x28 CMakeFiles/adc.elf.dir/Drivers/STM32F4xx_HAL_Driver/Src/stm32f4xx_hal_cortex.c.obj
                0x08001cdc                HAL_SYSTICK_Config
 .text.DMA_SetConfig
                0x08001d04       0x2c CMakeFiles/adc.elf.dir/Drivers/STM32F4xx_HAL_Driver/Src/stm32f4xx_hal_dma.c.obj
 .text.DMA_CalcBaseAndBitshift
                0x08001d30       0x40 CMakeFiles/adc.elf.dir/Drivers/STM32F4xx_HAL_Driver/Src/stm32f4xx_hal_dma.c.obj
 .text.DMA_CheckFifoParam
                0x08001d70       0x8e CMakeFiles/adc.elf.dir/Drivers/STM32F4xx_HAL_Driver/Src/stm32f4xx_hal_dma.c.obj
 *fill*         0x08001dfe        0x2 
 .text.HAL_DMA_Init
                0x08001e00       0xcc CMakeFiles/adc.elf.dir/Drivers/STM32F4xx_HAL_Driver/Src/stm32f4xx_hal_dma.c.obj
                0x08001e00                HAL_DMA_Init
 .text.HAL_DMA_Start_IT
                0x08001ecc       0x6a CMakeFiles/adc.elf.dir/Drivers/STM32F4xx_HAL_Driver/Src/stm32f4xx_hal_dma.c.obj
                0x08001ecc                HAL_DMA_Start_IT
 .text.HAL_DMA_Abort
                0x08001f36       0x94 CMakeFiles/adc.elf.dir/Drivers/STM32F4xx_HAL_Driver/Src/stm32f4xx_hal_dma.c.obj
                0x08001f36                HAL_DMA_Abort
 .text.HAL_DMA_Abort_IT
                0x08001fca       0x26 CMakeFiles/adc.elf.dir/Drivers/STM32F4xx_HAL_Driver/Src/stm32f4xx_hal_dma.c.obj
                0x08001fca                HAL_DMA_Abort_IT
 .text.HAL_DMA_IRQHandler
                0x08001ff0      0x1dc CMakeFiles/adc.elf.dir/Drivers/STM32F4xx_HAL_Driver/Src/stm32f4xx_hal_dma.c.obj
                0x08001ff0                HAL_DMA_IRQHandler
 .text.HAL_GPIO_Init
                0x080021cc      0x1e4 CMakeFiles/adc.elf.dir/Drivers/STM32F4xx_HAL_Driver/Src/stm32f4xx_hal_gpio.c.obj
                0x080021cc                HAL_GPIO_Init
 .text.HAL_RCC_OscConfig
                0x080023b0      0x3f8 CMakeFiles/adc.elf.dir/Drivers/STM32F4xx_HAL_Driver/Src/stm32f4xx_hal_rcc.c.obj
                0x080023b0                HAL_RCC_OscConfig
 .text.HAL_RCC_GetSysClockFreq
                0x080027a8       0xd4 CMakeFiles/adc.elf.dir/Drivers/STM32F4xx_HAL_Driver/Src/stm32f4xx_hal_rcc.c.obj
                0x080027a8                HAL_RCC_GetSysClockFreq
 .text.HAL_RCC_ClockConfig
                0x0800287c      0x160 CMakeFiles/adc.elf.dir/Drivers/STM32F4xx_HAL_Driver/Src/stm32f4xx_hal_rcc.c.obj
                0x0800287c                HAL_RCC_ClockConfig
 .text.HAL_RCC_GetHCLKFreq
                0x080029dc        0xc CMakeFiles/adc.elf.dir/Drivers/STM32F4xx_HAL_Driver/Src/stm32f4xx_hal_rcc.c.obj
                0x080029dc                HAL_RCC_GetHCLKFreq
 .text.HAL_RCC_GetPCLK1Freq
                0x080029e8       0x20 CMakeFiles/adc.elf.dir/Drivers/STM32F4xx_HAL_Driver/Src/stm32f4xx_hal_rcc.c.obj
                0x080029e8                HAL_RCC_GetPCLK1Freq
 .text.HAL_RCC_GetPCLK2Freq
                0x08002a08       0x20 CMakeFiles/adc.elf.dir/Drivers/STM32F4xx_HAL_Driver/Src/stm32f4xx_hal_rcc.c.obj
                0x08002a08                HAL_RCC_GetPCLK2Freq
 .text.UART_EndRxTransfer
                0x08002a28       0x5c CMakeFiles/adc.elf.dir/Drivers/STM32F4xx_HAL_Driver/Src/stm32f4xx_hal_uart.c.obj
 .text.UART_Transmit_IT
                0x08002a84       0x60 CMakeFiles/adc.elf.dir/Drivers/STM32F4xx_HAL_Driver/Src/stm32f4xx_hal_uart.c.obj
 .text.UART_SetConfig
                0x08002ae4      0x110 CMakeFiles/adc.elf.dir/Drivers/STM32F4xx_HAL_Driver/Src/stm32f4xx_hal_uart.c.obj
 .text.UART_WaitOnFlagUntilTimeout
                0x08002bf4       0x8a CMakeFiles/adc.elf.dir/Drivers/STM32F4xx_HAL_Driver/Src/stm32f4xx_hal_uart.c.obj
 .text.HAL_UART_Init
                0x08002c7e       0x60 CMakeFiles/adc.elf.dir/Drivers/STM32F4xx_HAL_Driver/Src/stm32f4xx_hal_uart.c.obj
                0x08002c7e                HAL_UART_Init
 .text.HAL_UART_Transmit
                0x08002cde       0xcc CMakeFiles/adc.elf.dir/Drivers/STM32F4xx_HAL_Driver/Src/stm32f4xx_hal_uart.c.obj
                0x08002cde                HAL_UART_Transmit
 .text.HAL_UART_TxCpltCallback
                0x08002daa        0x2 CMakeFiles/adc.elf.dir/Drivers/STM32F4xx_HAL_Driver/Src/stm32f4xx_hal_uart.c.obj
                0x08002daa                HAL_UART_TxCpltCallback
 .text.UART_EndTransmit_IT
                0x08002dac       0x1a CMakeFiles/adc.elf.dir/Drivers/STM32F4xx_HAL_Driver/Src/stm32f4xx_hal_uart.c.obj
 .text.HAL_UART_RxCpltCallback
                0x08002dc6        0x2 CMakeFiles/adc.elf.dir/Drivers/STM32F4xx_HAL_Driver/Src/stm32f4xx_hal_uart.c.obj
                0x08002dc6                HAL_UART_RxCpltCallback
 .text.HAL_UART_ErrorCallback
                0x08002dc8        0x2 CMakeFiles/adc.elf.dir/Drivers/STM32F4xx_HAL_Driver/Src/stm32f4xx_hal_uart.c.obj
                0x08002dc8                HAL_UART_ErrorCallback
 .text.UART_DMAAbortOnError
                0x08002dca       0x10 CMakeFiles/adc.elf.dir/Drivers/STM32F4xx_HAL_Driver/Src/stm32f4xx_hal_uart.c.obj
 .text.HAL_UARTEx_RxEventCallback
                0x08002dda        0x2 CMakeFiles/adc.elf.dir/Drivers/STM32F4xx_HAL_Driver/Src/stm32f4xx_hal_uart.c.obj
                0x08002dda                HAL_UARTEx_RxEventCallback
 .text.UART_Receive_IT
                0x08002ddc       0xe6 CMakeFiles/adc.elf.dir/Drivers/STM32F4xx_HAL_Driver/Src/stm32f4xx_hal_uart.c.obj
 *fill*         0x08002ec2        0x2 
 .text.HAL_UART_IRQHandler
                0x08002ec4      0x288 CMakeFiles/adc.elf.dir/Drivers/STM32F4xx_HAL_Driver/Src/stm32f4xx_hal_uart.c.obj
                0x08002ec4                HAL_UART_IRQHandler
 .text.__errno  0x0800314c        0xc e:/gcc-arm-none-eabi-10.3-2021.10-win32/gcc-arm-none-eabi-10.3-2021.10/bin/../lib/gcc/arm-none-eabi/10.3.1/../../../../arm-none-eabi/lib/thumb/v7e-m/nofp\libg.a(lib_a-errno.o)
                0x0800314c                __errno
 .text.__libc_init_array
                0x08003158       0x48 e:/gcc-arm-none-eabi-10.3-2021.10-win32/gcc-arm-none-eabi-10.3-2021.10/bin/../lib/gcc/arm-none-eabi/10.3.1/../../../../arm-none-eabi/lib/thumb/v7e-m/nofp\libg.a(lib_a-init.o)
                0x08003158                __libc_init_array
 .text.memset   0x080031a0       0xa4 e:/gcc-arm-none-eabi-10.3-2021.10-win32/gcc-arm-none-eabi-10.3-2021.10/bin/../lib/gcc/arm-none-eabi/10.3.1/../../../../arm-none-eabi/lib/thumb/v7e-m/nofp\libg.a(lib_a-memset.o)
                0x080031a0                memset
 .text.snprintf
                0x08003244       0x88 e:/gcc-arm-none-eabi-10.3-2021.10-win32/gcc-arm-none-eabi-10.3-2021.10/bin/../lib/gcc/arm-none-eabi/10.3.1/../../../../arm-none-eabi/lib/thumb/v7e-m/nofp\libg.a(lib_a-snprintf.o)
                0x08003244                snprintf
 .text._svfprintf_r
                0x080032cc     0x1a3c e:/gcc-arm-none-eabi-10.3-2021.10-win32/gcc-arm-none-eabi-10.3-2021.10/bin/../lib/gcc/arm-none-eabi/10.3.1/../../../../arm-none-eabi/lib/thumb/v7e-m/nofp\libg.a(lib_a-svfprintf.o)
                0x080032cc                _svfprintf_r
 .text.startup.register_fini
                0x08004d08       0x14 e:/gcc-arm-none-eabi-10.3-2021.10-win32/gcc-arm-none-eabi-10.3-2021.10/bin/../lib/gcc/arm-none-eabi/10.3.1/../../../../arm-none-eabi/lib/thumb/v7e-m/nofp\libg.a(lib_a-__call_atexit.o)
 .text.atexit   0x08004d1c        0xc e:/gcc-arm-none-eabi-10.3-2021.10-win32/gcc-arm-none-eabi-10.3-2021.10/bin/../lib/gcc/arm-none-eabi/10.3.1/../../../../arm-none-eabi/lib/thumb/v7e-m/nofp\libg.a(lib_a-atexit.o)
                0x08004d1c                atexit
 .text.quorem   0x08004d28      0x124 e:/gcc-arm-none-eabi-10.3-2021.10-win32/gcc-arm-none-eabi-10.3-2021.10/bin/../lib/gcc/arm-none-eabi/10.3.1/../../../../arm-none-eabi/lib/thumb/v7e-m/nofp\libg.a(lib_a-dtoa.o)
 *fill*         0x08004e4c        0x4 
 .text._dtoa_r  0x08004e50      0xec4 e:/gcc-arm-none-eabi-10.3-2021.10-win32/gcc-arm-none-eabi-10.3-2021.10/bin/../lib/gcc/arm-none-eabi/10.3.1/../../../../arm-none-eabi/lib/thumb/v7e-m/nofp\libg.a(lib_a-dtoa.o)
                0x08004e50                _dtoa_r
 .text.__libc_fini_array
                0x08005d14       0x2c e:/gcc-arm-none-eabi-10.3-2021.10-win32/gcc-arm-none-eabi-10.3-2021.10/bin/../lib/gcc/arm-none-eabi/10.3.1/../../../../arm-none-eabi/lib/thumb/v7e-m/nofp\libg.a(lib_a-fini.o)
                0x08005d14                __libc_fini_array
 .text._malloc_trim_r
                0x08005d40       0xa0 e:/gcc-arm-none-eabi-10.3-2021.10-win32/gcc-arm-none-eabi-10.3-2021.10/bin/../lib/gcc/arm-none-eabi/10.3.1/../../../../arm-none-eabi/lib/thumb/v7e-m/nofp\libg.a(lib_a-freer.o)
                0x08005d40                _malloc_trim_r
 .text._free_r  0x08005de0      0x20c e:/gcc-arm-none-eabi-10.3-2021.10-win32/gcc-arm-none-eabi-10.3-2021.10/bin/../lib/gcc/arm-none-eabi/10.3.1/../../../../arm-none-eabi/lib/thumb/v7e-m/nofp\libg.a(lib_a-freer.o)
                0x08005de0                _free_r
 .text._localeconv_r
                0x08005fec        0x8 e:/gcc-arm-none-eabi-10.3-2021.10-win32/gcc-arm-none-eabi-10.3-2021.10/bin/../lib/gcc/arm-none-eabi/10.3.1/../../../../arm-none-eabi/lib/thumb/v7e-m/nofp\libg.a(lib_a-localeconv.o)
                0x08005fec                _localeconv_r
 .text.__retarget_lock_init_recursive
                0x08005ff4        0x4 e:/gcc-arm-none-eabi-10.3-2021.10-win32/gcc-arm-none-eabi-10.3-2021.10/bin/../lib/gcc/arm-none-eabi/10.3.1/../../../../arm-none-eabi/lib/thumb/v7e-m/nofp\libg.a(lib_a-lock.o)
                0x08005ff4                __retarget_lock_init_recursive
 .text.__retarget_lock_close_recursive
                0x08005ff8        0x4 e:/gcc-arm-none-eabi-10.3-2021.10-win32/gcc-arm-none-eabi-10.3-2021.10/bin/../lib/gcc/arm-none-eabi/10.3.1/../../../../arm-none-eabi/lib/thumb/v7e-m/nofp\libg.a(lib_a-lock.o)
                0x08005ff8                __retarget_lock_close_recursive
 .text.__retarget_lock_acquire_recursive
                0x08005ffc        0x4 e:/gcc-arm-none-eabi-10.3-2021.10-win32/gcc-arm-none-eabi-10.3-2021.10/bin/../lib/gcc/arm-none-eabi/10.3.1/../../../../arm-none-eabi/lib/thumb/v7e-m/nofp\libg.a(lib_a-lock.o)
                0x08005ffc                __retarget_lock_acquire_recursive
 .text.__retarget_lock_release_recursive
                0x08006000        0x4 e:/gcc-arm-none-eabi-10.3-2021.10-win32/gcc-arm-none-eabi-10.3-2021.10/bin/../lib/gcc/arm-none-eabi/10.3.1/../../../../arm-none-eabi/lib/thumb/v7e-m/nofp\libg.a(lib_a-lock.o)
                0x08006000                __retarget_lock_release_recursive
 .text._malloc_r
                0x08006004      0x560 e:/gcc-arm-none-eabi-10.3-2021.10-win32/gcc-arm-none-eabi-10.3-2021.10/bin/../lib/gcc/arm-none-eabi/10.3.1/../../../../arm-none-eabi/lib/thumb/v7e-m/nofp\libg.a(lib_a-mallocr.o)
                0x08006004                _malloc_r
 .text.__malloc_lock
                0x08006564        0xc e:/gcc-arm-none-eabi-10.3-2021.10-win32/gcc-arm-none-eabi-10.3-2021.10/bin/../lib/gcc/arm-none-eabi/10.3.1/../../../../arm-none-eabi/lib/thumb/v7e-m/nofp\libg.a(lib_a-mlock.o)
                0x08006564                __malloc_lock
 .text.__malloc_unlock
                0x08006570        0xc e:/gcc-arm-none-eabi-10.3-2021.10-win32/gcc-arm-none-eabi-10.3-2021.10/bin/../lib/gcc/arm-none-eabi/10.3.1/../../../../arm-none-eabi/lib/thumb/v7e-m/nofp\libg.a(lib_a-mlock.o)
                0x08006570                __malloc_unlock
 .text._Balloc  0x0800657c       0x4c e:/gcc-arm-none-eabi-10.3-2021.10-win32/gcc-arm-none-eabi-10.3-2021.10/bin/../lib/gcc/arm-none-eabi/10.3.1/../../../../arm-none-eabi/lib/thumb/v7e-m/nofp\libg.a(lib_a-mprec.o)
                0x0800657c                _Balloc
 .text._Bfree   0x080065c8       0x14 e:/gcc-arm-none-eabi-10.3-2021.10-win32/gcc-arm-none-eabi-10.3-2021.10/bin/../lib/gcc/arm-none-eabi/10.3.1/../../../../arm-none-eabi/lib/thumb/v7e-m/nofp\libg.a(lib_a-mprec.o)
                0x080065c8                _Bfree
 .text.__multadd
                0x080065dc       0xa0 e:/gcc-arm-none-eabi-10.3-2021.10-win32/gcc-arm-none-eabi-10.3-2021.10/bin/../lib/gcc/arm-none-eabi/10.3.1/../../../../arm-none-eabi/lib/thumb/v7e-m/nofp\libg.a(lib_a-mprec.o)
                0x080065dc                __multadd
 .text.__hi0bits
                0x0800667c       0x40 e:/gcc-arm-none-eabi-10.3-2021.10-win32/gcc-arm-none-eabi-10.3-2021.10/bin/../lib/gcc/arm-none-eabi/10.3.1/../../../../arm-none-eabi/lib/thumb/v7e-m/nofp\libg.a(lib_a-mprec.o)
                0x0800667c                __hi0bits
 .text.__lo0bits
                0x080066bc       0x5c e:/gcc-arm-none-eabi-10.3-2021.10-win32/gcc-arm-none-eabi-10.3-2021.10/bin/../lib/gcc/arm-none-eabi/10.3.1/../../../../arm-none-eabi/lib/thumb/v7e-m/nofp\libg.a(lib_a-mprec.o)
                0x080066bc                __lo0bits
 .text.__i2b    0x08006718       0x5c e:/gcc-arm-none-eabi-10.3-2021.10-win32/gcc-arm-none-eabi-10.3-2021.10/bin/../lib/gcc/arm-none-eabi/10.3.1/../../../../arm-none-eabi/lib/thumb/v7e-m/nofp\libg.a(lib_a-mprec.o)
                0x08006718                __i2b
 .text.__multiply
                0x08006774      0x15c e:/gcc-arm-none-eabi-10.3-2021.10-win32/gcc-arm-none-eabi-10.3-2021.10/bin/../lib/gcc/arm-none-eabi/10.3.1/../../../../arm-none-eabi/lib/thumb/v7e-m/nofp\libg.a(lib_a-mprec.o)
                0x08006774                __multiply
 .text.__pow5mult
                0x080068d0       0xc0 e:/gcc-arm-none-eabi-10.3-2021.10-win32/gcc-arm-none-eabi-10.3-2021.10/bin/../lib/gcc/arm-none-eabi/10.3.1/../../../../arm-none-eabi/lib/thumb/v7e-m/nofp\libg.a(lib_a-mprec.o)
                0x080068d0                __pow5mult
 .text.__lshift
                0x08006990       0xf0 e:/gcc-arm-none-eabi-10.3-2021.10-win32/gcc-arm-none-eabi-10.3-2021.10/bin/../lib/gcc/arm-none-eabi/10.3.1/../../../../arm-none-eabi/lib/thumb/v7e-m/nofp\libg.a(lib_a-mprec.o)
                0x08006990                __lshift
 .text.__mcmp   0x08006a80       0x40 e:/gcc-arm-none-eabi-10.3-2021.10-win32/gcc-arm-none-eabi-10.3-2021.10/bin/../lib/gcc/arm-none-eabi/10.3.1/../../../../arm-none-eabi/lib/thumb/v7e-m/nofp\libg.a(lib_a-mprec.o)
                0x08006a80                __mcmp
 .text.__mdiff  0x08006ac0      0x14c e:/gcc-arm-none-eabi-10.3-2021.10-win32/gcc-arm-none-eabi-10.3-2021.10/bin/../lib/gcc/arm-none-eabi/10.3.1/../../../../arm-none-eabi/lib/thumb/v7e-m/nofp\libg.a(lib_a-mprec.o)
                0x08006ac0                __mdiff
 .text.__d2b    0x08006c0c       0xc4 e:/gcc-arm-none-eabi-10.3-2021.10-win32/gcc-arm-none-eabi-10.3-2021.10/bin/../lib/gcc/arm-none-eabi/10.3.1/../../../../arm-none-eabi/lib/thumb/v7e-m/nofp\libg.a(lib_a-mprec.o)
                0x08006c0c                __d2b
 .text.frexp    0x08006cd0       0x70 e:/gcc-arm-none-eabi-10.3-2021.10-win32/gcc-arm-none-eabi-10.3-2021.10/bin/../lib/gcc/arm-none-eabi/10.3.1/../../../../arm-none-eabi/lib/thumb/v7e-m/nofp\libg.a(lib_a-s_frexp.o)
                0x08006cd0                frexp
 .text._sbrk_r  0x08006d40       0x24 e:/gcc-arm-none-eabi-10.3-2021.10-win32/gcc-arm-none-eabi-10.3-2021.10/bin/../lib/gcc/arm-none-eabi/10.3.1/../../../../arm-none-eabi/lib/thumb/v7e-m/nofp\libg.a(lib_a-sbrkr.o)
                0x08006d40                _sbrk_r
 .text.strncpy  0x08006d64       0x64 e:/gcc-arm-none-eabi-10.3-2021.10-win32/gcc-arm-none-eabi-10.3-2021.10/bin/../lib/gcc/arm-none-eabi/10.3.1/../../../../arm-none-eabi/lib/thumb/v7e-m/nofp\libg.a(lib_a-strncpy.o)
                0x08006d64                strncpy
 .text.__ssprint_r
                0x08006dc8       0xf8 e:/gcc-arm-none-eabi-10.3-2021.10-win32/gcc-arm-none-eabi-10.3-2021.10/bin/../lib/gcc/arm-none-eabi/10.3.1/../../../../arm-none-eabi/lib/thumb/v7e-m/nofp\libg.a(lib_a-svfiprintf.o)
                0x08006dc8                __ssprint_r
 .text.__register_exitproc
                0x08006ec0       0x8c e:/gcc-arm-none-eabi-10.3-2021.10-win32/gcc-arm-none-eabi-10.3-2021.10/bin/../lib/gcc/arm-none-eabi/10.3.1/../../../../arm-none-eabi/lib/thumb/v7e-m/nofp\libg.a(lib_a-__atexit.o)
                0x08006ec0                __register_exitproc
 .text.__assert_func
                0x08006f4c       0x40 e:/gcc-arm-none-eabi-10.3-2021.10-win32/gcc-arm-none-eabi-10.3-2021.10/bin/../lib/gcc/arm-none-eabi/10.3.1/../../../../arm-none-eabi/lib/thumb/v7e-m/nofp\libg.a(lib_a-assert.o)
                0x08006f4c                __assert_func
 .text._calloc_r
                0x08006f8c       0x78 e:/gcc-arm-none-eabi-10.3-2021.10-win32/gcc-arm-none-eabi-10.3-2021.10/bin/../lib/gcc/arm-none-eabi/10.3.1/../../../../arm-none-eabi/lib/thumb/v7e-m/nofp\libg.a(lib_a-callocr.o)
                0x08006f8c                _calloc_r
 .text.fiprintf
                0x08007004       0x28 e:/gcc-arm-none-eabi-10.3-2021.10-win32/gcc-arm-none-eabi-10.3-2021.10/bin/../lib/gcc/arm-none-eabi/10.3.1/../../../../arm-none-eabi/lib/thumb/v7e-m/nofp\libg.a(lib_a-fiprintf.o)
                0x08007004                fiprintf
 .text.__locale_mb_cur_max
                0x0800702c        0xc e:/gcc-arm-none-eabi-10.3-2021.10-win32/gcc-arm-none-eabi-10.3-2021.10/bin/../lib/gcc/arm-none-eabi/10.3.1/../../../../arm-none-eabi/lib/thumb/v7e-m/nofp\libg.a(lib_a-locale.o)
                0x0800702c                __locale_mb_cur_max
 .text.__ascii_mbtowc
                0x08007038       0x2c e:/gcc-arm-none-eabi-10.3-2021.10-win32/gcc-arm-none-eabi-10.3-2021.10/bin/../lib/gcc/arm-none-eabi/10.3.1/../../../../arm-none-eabi/lib/thumb/v7e-m/nofp\libg.a(lib_a-mbtowc_r.o)
                0x08007038                __ascii_mbtowc
 .text.memmove  0x08007064       0xf8 e:/gcc-arm-none-eabi-10.3-2021.10-win32/gcc-arm-none-eabi-10.3-2021.10/bin/../lib/gcc/arm-none-eabi/10.3.1/../../../../arm-none-eabi/lib/thumb/v7e-m/nofp\libg.a(lib_a-memmove.o)
                0x08007064                memmove
 .text._realloc_r
                0x0800715c      0x3d8 e:/gcc-arm-none-eabi-10.3-2021.10-win32/gcc-arm-none-eabi-10.3-2021.10/bin/../lib/gcc/arm-none-eabi/10.3.1/../../../../arm-none-eabi/lib/thumb/v7e-m/nofp\libg.a(lib_a-reallocr.o)
                0x0800715c                _realloc_r
 .text.__sprint_r.part.0
                0x08007534       0x78 e:/gcc-arm-none-eabi-10.3-2021.10-win32/gcc-arm-none-eabi-10.3-2021.10/bin/../lib/gcc/arm-none-eabi/10.3.1/../../../../arm-none-eabi/lib/thumb/v7e-m/nofp\libg.a(lib_a-vfiprintf.o)
 .text._vfiprintf_r
                0x080075ac      0xda0 e:/gcc-arm-none-eabi-10.3-2021.10-win32/gcc-arm-none-eabi-10.3-2021.10/bin/../lib/gcc/arm-none-eabi/10.3.1/../../../../arm-none-eabi/lib/thumb/v7e-m/nofp\libg.a(lib_a-vfiprintf.o)
                0x080075ac                _vfiprintf_r
 .text.__sbprintf
                0x0800834c       0x80 e:/gcc-arm-none-eabi-10.3-2021.10-win32/gcc-arm-none-eabi-10.3-2021.10/bin/../lib/gcc/arm-none-eabi/10.3.1/../../../../arm-none-eabi/lib/thumb/v7e-m/nofp\libg.a(lib_a-vfiprintf.o)
 .text.__ascii_wctomb
                0x080083cc       0x1c e:/gcc-arm-none-eabi-10.3-2021.10-win32/gcc-arm-none-eabi-10.3-2021.10/bin/../lib/gcc/arm-none-eabi/10.3.1/../../../../arm-none-eabi/lib/thumb/v7e-m/nofp\libg.a(lib_a-wctomb_r.o)
                0x080083cc                __ascii_wctomb
 .text.__swsetup_r
                0x080083e8       0xd4 e:/gcc-arm-none-eabi-10.3-2021.10-win32/gcc-arm-none-eabi-10.3-2021.10/bin/../lib/gcc/arm-none-eabi/10.3.1/../../../../arm-none-eabi/lib/thumb/v7e-m/nofp\libg.a(lib_a-wsetup.o)
                0x080083e8                __swsetup_r
 .text.abort    0x080084bc       0x10 e:/gcc-arm-none-eabi-10.3-2021.10-win32/gcc-arm-none-eabi-10.3-2021.10/bin/../lib/gcc/arm-none-eabi/10.3.1/../../../../arm-none-eabi/lib/thumb/v7e-m/nofp\libg.a(lib_a-abort.o)
                0x080084bc                abort
 .text.__sflush_r
                0x080084cc      0x120 e:/gcc-arm-none-eabi-10.3-2021.10-win32/gcc-arm-none-eabi-10.3-2021.10/bin/../lib/gcc/arm-none-eabi/10.3.1/../../../../arm-none-eabi/lib/thumb/v7e-m/nofp\libg.a(lib_a-fflush.o)
                0x080084cc                __sflush_r
 .text._fflush_r
                0x080085ec       0x5c e:/gcc-arm-none-eabi-10.3-2021.10-win32/gcc-arm-none-eabi-10.3-2021.10/bin/../lib/gcc/arm-none-eabi/10.3.1/../../../../arm-none-eabi/lib/thumb/v7e-m/nofp\libg.a(lib_a-fflush.o)
                0x080085ec                _fflush_r
 .text._cleanup_r
                0x08008648        0xc e:/gcc-arm-none-eabi-10.3-2021.10-win32/gcc-arm-none-eabi-10.3-2021.10/bin/../lib/gcc/arm-none-eabi/10.3.1/../../../../arm-none-eabi/lib/thumb/v7e-m/nofp\libg.a(lib_a-findfp.o)
                0x08008648                _cleanup_r
 .text.__sinit  0x08008654      0x10c e:/gcc-arm-none-eabi-10.3-2021.10-win32/gcc-arm-none-eabi-10.3-2021.10/bin/../lib/gcc/arm-none-eabi/10.3.1/../../../../arm-none-eabi/lib/thumb/v7e-m/nofp\libg.a(lib_a-findfp.o)
                0x08008654                __sinit
 .text.__sfp_lock_acquire
                0x08008760        0xc e:/gcc-arm-none-eabi-10.3-2021.10-win32/gcc-arm-none-eabi-10.3-2021.10/bin/../lib/gcc/arm-none-eabi/10.3.1/../../../../arm-none-eabi/lib/thumb/v7e-m/nofp\libg.a(lib_a-findfp.o)
                0x08008760                __sfp_lock_acquire
 .text.__sfp_lock_release
                0x0800876c        0xc e:/gcc-arm-none-eabi-10.3-2021.10-win32/gcc-arm-none-eabi-10.3-2021.10/bin/../lib/gcc/arm-none-eabi/10.3.1/../../../../arm-none-eabi/lib/thumb/v7e-m/nofp\libg.a(lib_a-findfp.o)
                0x0800876c                __sfp_lock_release
 .text.__fputwc
                0x08008778       0xa8 e:/gcc-arm-none-eabi-10.3-2021.10-win32/gcc-arm-none-eabi-10.3-2021.10/bin/../lib/gcc/arm-none-eabi/10.3.1/../../../../arm-none-eabi/lib/thumb/v7e-m/nofp\libg.a(lib_a-fputwc.o)
                0x08008778                __fputwc
 .text._fputwc_r
                0x08008820       0x68 e:/gcc-arm-none-eabi-10.3-2021.10-win32/gcc-arm-none-eabi-10.3-2021.10/bin/../lib/gcc/arm-none-eabi/10.3.1/../../../../arm-none-eabi/lib/thumb/v7e-m/nofp\libg.a(lib_a-fputwc.o)
                0x08008820                _fputwc_r
 .text.__sfvwrite_r
                0x08008888      0x2e8 e:/gcc-arm-none-eabi-10.3-2021.10-win32/gcc-arm-none-eabi-10.3-2021.10/bin/../lib/gcc/arm-none-eabi/10.3.1/../../../../arm-none-eabi/lib/thumb/v7e-m/nofp\libg.a(lib_a-fvwrite.o)
                0x08008888                __sfvwrite_r
 .text._fwalk_reent
                0x08008b70       0x48 e:/gcc-arm-none-eabi-10.3-2021.10-win32/gcc-arm-none-eabi-10.3-2021.10/bin/../lib/gcc/arm-none-eabi/10.3.1/../../../../arm-none-eabi/lib/thumb/v7e-m/nofp\libg.a(lib_a-fwalk.o)
                0x08008b70                _fwalk_reent
 .text.__smakebuf_r
                0x08008bb8       0xe0 e:/gcc-arm-none-eabi-10.3-2021.10-win32/gcc-arm-none-eabi-10.3-2021.10/bin/../lib/gcc/arm-none-eabi/10.3.1/../../../../arm-none-eabi/lib/thumb/v7e-m/nofp\libg.a(lib_a-makebuf.o)
                0x08008bb8                __smakebuf_r
 .text.raise    0x08008c98       0x5c e:/gcc-arm-none-eabi-10.3-2021.10-win32/gcc-arm-none-eabi-10.3-2021.10/bin/../lib/gcc/arm-none-eabi/10.3.1/../../../../arm-none-eabi/lib/thumb/v7e-m/nofp\libg.a(lib_a-signal.o)
                0x08008c98                raise
 .text._kill_r  0x08008cf4       0x2c e:/gcc-arm-none-eabi-10.3-2021.10-win32/gcc-arm-none-eabi-10.3-2021.10/bin/../lib/gcc/arm-none-eabi/10.3.1/../../../../arm-none-eabi/lib/thumb/v7e-m/nofp\libg.a(lib_a-signalr.o)
                0x08008cf4                _kill_r
 .text._getpid_r
                0x08008d20        0x4 e:/gcc-arm-none-eabi-10.3-2021.10-win32/gcc-arm-none-eabi-10.3-2021.10/bin/../lib/gcc/arm-none-eabi/10.3.1/../../../../arm-none-eabi/lib/thumb/v7e-m/nofp\libg.a(lib_a-signalr.o)
                0x08008d20                _getpid_r
 .text.__sread  0x08008d24       0x24 e:/gcc-arm-none-eabi-10.3-2021.10-win32/gcc-arm-none-eabi-10.3-2021.10/bin/../lib/gcc/arm-none-eabi/10.3.1/../../../../arm-none-eabi/lib/thumb/v7e-m/nofp\libg.a(lib_a-stdio.o)
                0x08008d24                __sread
 .text.__swrite
                0x08008d48       0x40 e:/gcc-arm-none-eabi-10.3-2021.10-win32/gcc-arm-none-eabi-10.3-2021.10/bin/../lib/gcc/arm-none-eabi/10.3.1/../../../../arm-none-eabi/lib/thumb/v7e-m/nofp\libg.a(lib_a-stdio.o)
                0x08008d48                __swrite
 .text.__sseek  0x08008d88       0x20 e:/gcc-arm-none-eabi-10.3-2021.10-win32/gcc-arm-none-eabi-10.3-2021.10/bin/../lib/gcc/arm-none-eabi/10.3.1/../../../../arm-none-eabi/lib/thumb/v7e-m/nofp\libg.a(lib_a-stdio.o)
                0x08008d88                __sseek
 .text.__sclose
                0x08008da8        0x8 e:/gcc-arm-none-eabi-10.3-2021.10-win32/gcc-arm-none-eabi-10.3-2021.10/bin/../lib/gcc/arm-none-eabi/10.3.1/../../../../arm-none-eabi/lib/thumb/v7e-m/nofp\libg.a(lib_a-stdio.o)
                0x08008da8                __sclose
 .text.__swbuf_r
                0x08008db0       0xb0 e:/gcc-arm-none-eabi-10.3-2021.10-win32/gcc-arm-none-eabi-10.3-2021.10/bin/../lib/gcc/arm-none-eabi/10.3.1/../../../../arm-none-eabi/lib/thumb/v7e-m/nofp\libg.a(lib_a-wbuf.o)
                0x08008db0                __swbuf_r
 .text._wcrtomb_r
                0x08008e60       0x3c e:/gcc-arm-none-eabi-10.3-2021.10-win32/gcc-arm-none-eabi-10.3-2021.10/bin/../lib/gcc/arm-none-eabi/10.3.1/../../../../arm-none-eabi/lib/thumb/v7e-m/nofp\libg.a(lib_a-wcrtomb.o)
                0x08008e60                _wcrtomb_r
 .text._write_r
                0x08008e9c       0x2c e:/gcc-arm-none-eabi-10.3-2021.10-win32/gcc-arm-none-eabi-10.3-2021.10/bin/../lib/gcc/arm-none-eabi/10.3.1/../../../../arm-none-eabi/lib/thumb/v7e-m/nofp\libg.a(lib_a-writer.o)
                0x08008e9c                _write_r
 .text._close_r
                0x08008ec8       0x24 e:/gcc-arm-none-eabi-10.3-2021.10-win32/gcc-arm-none-eabi-10.3-2021.10/bin/../lib/gcc/arm-none-eabi/10.3.1/../../../../arm-none-eabi/lib/thumb/v7e-m/nofp\libg.a(lib_a-closer.o)
                0x08008ec8                _close_r
 .text._fclose_r
                0x08008eec       0xcc e:/gcc-arm-none-eabi-10.3-2021.10-win32/gcc-arm-none-eabi-10.3-2021.10/bin/../lib/gcc/arm-none-eabi/10.3.1/../../../../arm-none-eabi/lib/thumb/v7e-m/nofp\libg.a(lib_a-fclose.o)
                0x08008eec                _fclose_r
 .text._fstat_r
                0x08008fb8       0x2c e:/gcc-arm-none-eabi-10.3-2021.10-win32/gcc-arm-none-eabi-10.3-2021.10/bin/../lib/gcc/arm-none-eabi/10.3.1/../../../../arm-none-eabi/lib/thumb/v7e-m/nofp\libg.a(lib_a-fstatr.o)
                0x08008fb8                _fstat_r
 .text._isatty_r
                0x08008fe4       0x24 e:/gcc-arm-none-eabi-10.3-2021.10-win32/gcc-arm-none-eabi-10.3-2021.10/bin/../lib/gcc/arm-none-eabi/10.3.1/../../../../arm-none-eabi/lib/thumb/v7e-m/nofp\libg.a(lib_a-isattyr.o)
                0x08008fe4                _isatty_r
 .text._lseek_r
                0x08009008       0x2c e:/gcc-arm-none-eabi-10.3-2021.10-win32/gcc-arm-none-eabi-10.3-2021.10/bin/../lib/gcc/arm-none-eabi/10.3.1/../../../../arm-none-eabi/lib/thumb/v7e-m/nofp\libg.a(lib_a-lseekr.o)
                0x08009008                _lseek_r
 .text._read_r  0x08009034       0x2c e:/gcc-arm-none-eabi-10.3-2021.10-win32/gcc-arm-none-eabi-10.3-2021.10/bin/../lib/gcc/arm-none-eabi/10.3.1/../../../../arm-none-eabi/lib/thumb/v7e-m/nofp\libg.a(lib_a-readr.o)
                0x08009034                _read_r
 *(.glue_7)
 .glue_7        0x08009060        0x0 linker stubs
 *(.glue_7t)
 .glue_7t       0x08009060        0x0 linker stubs
 *(.eh_frame)
 .eh_frame      0x08009060        0x0 e:/gcc-arm-none-eabi-10.3-2021.10-win32/gcc-arm-none-eabi-10.3-2021.10/bin/../lib/gcc/arm-none-eabi/10.3.1/thumb/v7e-m/nofp/crtbegin.o
 *(.init)
 .init          0x08009060        0x4 e:/gcc-arm-none-eabi-10.3-2021.10-win32/gcc-arm-none-eabi-10.3-2021.10/bin/../lib/gcc/arm-none-eabi/10.3.1/thumb/v7e-m/nofp/crti.o
                0x08009060                _init
 .init          0x08009064        0x8 e:/gcc-arm-none-eabi-10.3-2021.10-win32/gcc-arm-none-eabi-10.3-2021.10/bin/../lib/gcc/arm-none-eabi/10.3.1/thumb/v7e-m/nofp/crtn.o
 *(.fini)
 .fini          0x0800906c        0x4 e:/gcc-arm-none-eabi-10.3-2021.10-win32/gcc-arm-none-eabi-10.3-2021.10/bin/../lib/gcc/arm-none-eabi/10.3.1/thumb/v7e-m/nofp/crti.o
                0x0800906c                _fini
 .fini          0x08009070        0x8 e:/gcc-arm-none-eabi-10.3-2021.10-win32/gcc-arm-none-eabi-10.3-2021.10/bin/../lib/gcc/arm-none-eabi/10.3.1/thumb/v7e-m/nofp/crtn.o
                0x08009078                . = ALIGN (0x4)
                0x08009078                _etext = .

.vfp11_veneer   0x08009078        0x0
 .vfp11_veneer  0x08009078        0x0 linker stubs

.v4_bx          0x08009078        0x0
 .v4_bx         0x08009078        0x0 linker stubs

.iplt           0x08009078        0x0
 .iplt          0x08009078        0x0 e:/gcc-arm-none-eabi-10.3-2021.10-win32/gcc-arm-none-eabi-10.3-2021.10/bin/../lib/gcc/arm-none-eabi/10.3.1/thumb/v7e-m/nofp/crtbegin.o

.rodata         0x08009078      0x420
                0x08009078                . = ALIGN (0x4)
 *(.rodata)
 *(.rodata*)
 .rodata.main.str1.4
                0x08009078        0x3 CMakeFiles/adc.elf.dir/Core/Src/main.c.obj
 *fill*         0x0800907b        0x1 
 .rodata.AHBPrescTable
                0x0800907c       0x10 CMakeFiles/adc.elf.dir/Core/Src/system_stm32f4xx.c.obj
                0x0800907c                AHBPrescTable
 .rodata.APBPrescTable
                0x0800908c        0x8 CMakeFiles/adc.elf.dir/Core/Src/system_stm32f4xx.c.obj
                0x0800908c                APBPrescTable
 .rodata.flagBitshiftOffset.0
                0x08009094        0x8 CMakeFiles/adc.elf.dir/Drivers/STM32F4xx_HAL_Driver/Src/stm32f4xx_hal_dma.c.obj
 .rodata._global_impure_ptr
                0x0800909c        0x4 e:/gcc-arm-none-eabi-10.3-2021.10-win32/gcc-arm-none-eabi-10.3-2021.10/bin/../lib/gcc/arm-none-eabi/10.3.1/../../../../arm-none-eabi/lib/thumb/v7e-m/nofp\libg.a(lib_a-impure.o)
                0x0800909c                _global_impure_ptr
 .rodata._svfprintf_r.str1.4
                0x080090a0       0x42 e:/gcc-arm-none-eabi-10.3-2021.10-win32/gcc-arm-none-eabi-10.3-2021.10/bin/../lib/gcc/arm-none-eabi/10.3.1/../../../../arm-none-eabi/lib/thumb/v7e-m/nofp\libg.a(lib_a-svfprintf.o)
 *fill*         0x080090e2        0x2 
 .rodata.blanks.1
                0x080090e4       0x10 e:/gcc-arm-none-eabi-10.3-2021.10-win32/gcc-arm-none-eabi-10.3-2021.10/bin/../lib/gcc/arm-none-eabi/10.3.1/../../../../arm-none-eabi/lib/thumb/v7e-m/nofp\libg.a(lib_a-svfprintf.o)
 .rodata.zeroes.0
                0x080090f4       0x10 e:/gcc-arm-none-eabi-10.3-2021.10-win32/gcc-arm-none-eabi-10.3-2021.10/bin/../lib/gcc/arm-none-eabi/10.3.1/../../../../arm-none-eabi/lib/thumb/v7e-m/nofp\libg.a(lib_a-svfprintf.o)
 .rodata._dtoa_r.str1.4
                0x08009104       0xa2 e:/gcc-arm-none-eabi-10.3-2021.10-win32/gcc-arm-none-eabi-10.3-2021.10/bin/../lib/gcc/arm-none-eabi/10.3.1/../../../../arm-none-eabi/lib/thumb/v7e-m/nofp\libg.a(lib_a-dtoa.o)
                                 0xa6 (size before relaxing)
 *fill*         0x080091a6        0x2 
 .rodata.__multadd.str1.4
                0x080091a8       0x7f e:/gcc-arm-none-eabi-10.3-2021.10-win32/gcc-arm-none-eabi-10.3-2021.10/bin/../lib/gcc/arm-none-eabi/10.3.1/../../../../arm-none-eabi/lib/thumb/v7e-m/nofp\libg.a(lib_a-mprec.o)
                                 0x93 (size before relaxing)
 *fill*         0x08009227        0x1 
 .rodata.__mprec_bigtens
                0x08009228       0x28 e:/gcc-arm-none-eabi-10.3-2021.10-win32/gcc-arm-none-eabi-10.3-2021.10/bin/../lib/gcc/arm-none-eabi/10.3.1/../../../../arm-none-eabi/lib/thumb/v7e-m/nofp\libg.a(lib_a-mprec.o)
                0x08009228                __mprec_bigtens
 .rodata.__mprec_tens
                0x08009250       0xc8 e:/gcc-arm-none-eabi-10.3-2021.10-win32/gcc-arm-none-eabi-10.3-2021.10/bin/../lib/gcc/arm-none-eabi/10.3.1/../../../../arm-none-eabi/lib/thumb/v7e-m/nofp\libg.a(lib_a-mprec.o)
                0x08009250                __mprec_tens
 .rodata.p05.0  0x08009318        0xc e:/gcc-arm-none-eabi-10.3-2021.10-win32/gcc-arm-none-eabi-10.3-2021.10/bin/../lib/gcc/arm-none-eabi/10.3.1/../../../../arm-none-eabi/lib/thumb/v7e-m/nofp\libg.a(lib_a-mprec.o)
 .rodata.__assert_func.str1.4
                0x08009324       0x3f e:/gcc-arm-none-eabi-10.3-2021.10-win32/gcc-arm-none-eabi-10.3-2021.10/bin/../lib/gcc/arm-none-eabi/10.3.1/../../../../arm-none-eabi/lib/thumb/v7e-m/nofp\libg.a(lib_a-assert.o)
                                 0x43 (size before relaxing)
 *fill*         0x08009363        0x1 
 .rodata._setlocale_r.str1.4
                0x08009364        0xa e:/gcc-arm-none-eabi-10.3-2021.10-win32/gcc-arm-none-eabi-10.3-2021.10/bin/../lib/gcc/arm-none-eabi/10.3.1/../../../../arm-none-eabi/lib/thumb/v7e-m/nofp\libg.a(lib_a-locale.o)
                                  0xd (size before relaxing)
 *fill*         0x0800936e        0x2 
 .rodata.str1.4
                0x08009370        0x2 e:/gcc-arm-none-eabi-10.3-2021.10-win32/gcc-arm-none-eabi-10.3-2021.10/bin/../lib/gcc/arm-none-eabi/10.3.1/../../../../arm-none-eabi/lib/thumb/v7e-m/nofp\libg.a(lib_a-locale.o)
 .rodata._vfiprintf_r.str1.4
                0x08009372       0x2f e:/gcc-arm-none-eabi-10.3-2021.10-win32/gcc-arm-none-eabi-10.3-2021.10/bin/../lib/gcc/arm-none-eabi/10.3.1/../../../../arm-none-eabi/lib/thumb/v7e-m/nofp\libg.a(lib_a-vfiprintf.o)
 *fill*         0x08009372        0x2 
 .rodata.blanks.1
                0x08009374       0x10 e:/gcc-arm-none-eabi-10.3-2021.10-win32/gcc-arm-none-eabi-10.3-2021.10/bin/../lib/gcc/arm-none-eabi/10.3.1/../../../../arm-none-eabi/lib/thumb/v7e-m/nofp\libg.a(lib_a-vfiprintf.o)
 .rodata.zeroes.0
                0x08009384       0x10 e:/gcc-arm-none-eabi-10.3-2021.10-win32/gcc-arm-none-eabi-10.3-2021.10/bin/../lib/gcc/arm-none-eabi/10.3.1/../../../../arm-none-eabi/lib/thumb/v7e-m/nofp\libg.a(lib_a-vfiprintf.o)
 .rodata._ctype_
                0x08009394      0x101 e:/gcc-arm-none-eabi-10.3-2021.10-win32/gcc-arm-none-eabi-10.3-2021.10/bin/../lib/gcc/arm-none-eabi/10.3.1/../../../../arm-none-eabi/lib/thumb/v7e-m/nofp\libg.a(lib_a-ctype_.o)
                0x08009394                _ctype_
                0x08009498                . = ALIGN (0x4)
 *fill*         0x08009495        0x3 

.ARM.extab      0x08009498        0x0
                0x08009498                . = ALIGN (0x4)
 *(.ARM.extab* .gnu.linkonce.armextab.*)
                0x08009498                . = ALIGN (0x4)

.ARM            0x08009498        0x8
                0x08009498                . = ALIGN (0x4)
                0x08009498                __exidx_start = .
 *(.ARM.exidx*)
 .ARM.exidx     0x08009498        0x8 e:/gcc-arm-none-eabi-10.3-2021.10-win32/gcc-arm-none-eabi-10.3-2021.10/bin/../lib/gcc/arm-none-eabi/10.3.1/thumb/v7e-m/nofp\libgcc.a(_udivmoddi4.o)
                0x080094a0                __exidx_end = .
                0x080094a0                . = ALIGN (0x4)

.rel.dyn        0x080094a0        0x0
 .rel.iplt      0x080094a0        0x0 e:/gcc-arm-none-eabi-10.3-2021.10-win32/gcc-arm-none-eabi-10.3-2021.10/bin/../lib/gcc/arm-none-eabi/10.3.1/thumb/v7e-m/nofp/crtbegin.o

.preinit_array  0x080094a0        0x0
                0x080094a0                . = ALIGN (0x4)
                0x080094a0                PROVIDE (__preinit_array_start = .)
 *(.preinit_array*)
                0x080094a0                PROVIDE (__preinit_array_end = .)
                0x080094a0                . = ALIGN (0x4)

.init_array     0x080094a0        0x8
                0x080094a0                . = ALIGN (0x4)
                0x080094a0                PROVIDE (__init_array_start = .)
 *(SORT_BY_NAME(.init_array.*))
 .init_array.00000
                0x080094a0        0x4 e:/gcc-arm-none-eabi-10.3-2021.10-win32/gcc-arm-none-eabi-10.3-2021.10/bin/../lib/gcc/arm-none-eabi/10.3.1/../../../../arm-none-eabi/lib/thumb/v7e-m/nofp\libg.a(lib_a-__call_atexit.o)
 *(.init_array*)
 .init_array    0x080094a4        0x4 e:/gcc-arm-none-eabi-10.3-2021.10-win32/gcc-arm-none-eabi-10.3-2021.10/bin/../lib/gcc/arm-none-eabi/10.3.1/thumb/v7e-m/nofp/crtbegin.o
                0x080094a8                PROVIDE (__init_array_end = .)
                0x080094a8                . = ALIGN (0x4)

.fini_array     0x080094a8        0x4
                0x080094a8                . = ALIGN (0x4)
                0x080094a8                PROVIDE (__fini_array_start = .)
 *(SORT_BY_NAME(.fini_array.*))
 *(.fini_array*)
 .fini_array    0x080094a8        0x4 e:/gcc-arm-none-eabi-10.3-2021.10-win32/gcc-arm-none-eabi-10.3-2021.10/bin/../lib/gcc/arm-none-eabi/10.3.1/thumb/v7e-m/nofp/crtbegin.o
                0x080094ac                PROVIDE (__fini_array_end = .)
                0x080094ac                . = ALIGN (0x4)
                0x080094ac                _sidata = LOADADDR (.data)

.data           0x20000000      0x9c0 load address 0x080094ac
                0x20000000                . = ALIGN (0x4)
                0x20000000                _sdata = .
 *(.data)
 *(.data*)
 .data.flag     0x20000000        0x4 CMakeFiles/adc.elf.dir/Core/Src/main.c.obj
                0x20000000                flag
 .data.SystemCoreClock
                0x20000004        0x4 CMakeFiles/adc.elf.dir/Core/Src/system_stm32f4xx.c.obj
                0x20000004                SystemCoreClock
 .data.uwTickFreq
                0x20000008        0x1 CMakeFiles/adc.elf.dir/Drivers/STM32F4xx_HAL_Driver/Src/stm32f4xx_hal.c.obj
                0x20000008                uwTickFreq
 *fill*         0x20000009        0x3 
 .data.uwTickPrio
                0x2000000c        0x4 CMakeFiles/adc.elf.dir/Drivers/STM32F4xx_HAL_Driver/Src/stm32f4xx_hal.c.obj
                0x2000000c                uwTickPrio
 .data._impure_ptr
                0x20000010        0x4 e:/gcc-arm-none-eabi-10.3-2021.10-win32/gcc-arm-none-eabi-10.3-2021.10/bin/../lib/gcc/arm-none-eabi/10.3.1/../../../../arm-none-eabi/lib/thumb/v7e-m/nofp\libg.a(lib_a-impure.o)
                0x20000010                _impure_ptr
 *fill*         0x20000014        0x4 
 .data.impure_data
                0x20000018      0x428 e:/gcc-arm-none-eabi-10.3-2021.10-win32/gcc-arm-none-eabi-10.3-2021.10/bin/../lib/gcc/arm-none-eabi/10.3.1/../../../../arm-none-eabi/lib/thumb/v7e-m/nofp\libg.a(lib_a-impure.o)
 .data.__atexit_recursive_mutex
                0x20000440        0x4 e:/gcc-arm-none-eabi-10.3-2021.10-win32/gcc-arm-none-eabi-10.3-2021.10/bin/../lib/gcc/arm-none-eabi/10.3.1/../../../../arm-none-eabi/lib/thumb/v7e-m/nofp\libg.a(lib_a-__call_atexit.o)
                0x20000440                __atexit_recursive_mutex
 .data.__malloc_av_
                0x20000444      0x408 e:/gcc-arm-none-eabi-10.3-2021.10-win32/gcc-arm-none-eabi-10.3-2021.10/bin/../lib/gcc/arm-none-eabi/10.3.1/../../../../arm-none-eabi/lib/thumb/v7e-m/nofp\libg.a(lib_a-mallocr.o)
                0x20000444                __malloc_av_
 .data.__malloc_sbrk_base
                0x2000084c        0x4 e:/gcc-arm-none-eabi-10.3-2021.10-win32/gcc-arm-none-eabi-10.3-2021.10/bin/../lib/gcc/arm-none-eabi/10.3.1/../../../../arm-none-eabi/lib/thumb/v7e-m/nofp\libg.a(lib_a-mallocr.o)
                0x2000084c                __malloc_sbrk_base
 .data.__malloc_trim_threshold
                0x20000850        0x4 e:/gcc-arm-none-eabi-10.3-2021.10-win32/gcc-arm-none-eabi-10.3-2021.10/bin/../lib/gcc/arm-none-eabi/10.3.1/../../../../arm-none-eabi/lib/thumb/v7e-m/nofp\libg.a(lib_a-mallocr.o)
                0x20000850                __malloc_trim_threshold
 .data.__global_locale
                0x20000854      0x16c e:/gcc-arm-none-eabi-10.3-2021.10-win32/gcc-arm-none-eabi-10.3-2021.10/bin/../lib/gcc/arm-none-eabi/10.3.1/../../../../arm-none-eabi/lib/thumb/v7e-m/nofp\libg.a(lib_a-locale.o)
                0x20000854                __global_locale
 *(.RamFunc)
 *(.RamFunc*)
                0x200009c0                . = ALIGN (0x4)
                0x200009c0                _edata = .
                0x08009e6c                _siccmram = LOADADDR (.ccmram)

.igot.plt       0x200009c0        0x0 load address 0x08009e6c
 .igot.plt      0x200009c0        0x0 e:/gcc-arm-none-eabi-10.3-2021.10-win32/gcc-arm-none-eabi-10.3-2021.10/bin/../lib/gcc/arm-none-eabi/10.3.1/thumb/v7e-m/nofp/crtbegin.o

.ccmram         0x10000000        0x0 load address 0x08009e6c
                0x10000000                . = ALIGN (0x4)
                0x10000000                _sccmram = .
 *(.ccmram)
 *(.ccmram*)
                0x10000000                . = ALIGN (0x4)
                0x10000000                _eccmram = .
                0x10000000                . = ALIGN (0x4)

.bss            0x200009c0      0x1bc
                0x200009c0                _sbss = .
                0x200009c0                __bss_start__ = _sbss
 *(.bss)
 .bss           0x200009c0       0x1c e:/gcc-arm-none-eabi-10.3-2021.10-win32/gcc-arm-none-eabi-10.3-2021.10/bin/../lib/gcc/arm-none-eabi/10.3.1/thumb/v7e-m/nofp/crtbegin.o
 *(.bss*)
 .bss.hadc1     0x200009dc       0x48 CMakeFiles/adc.elf.dir/Core/Src/adc.c.obj
                0x200009dc                hadc1
 .bss.hdma_adc1
                0x20000a24       0x60 CMakeFiles/adc.elf.dir/Core/Src/adc.c.obj
                0x20000a24                hdma_adc1
 .bss.adc_value
                0x20000a84       0x50 CMakeFiles/adc.elf.dir/Core/Src/main.c.obj
                0x20000a84                adc_value
 .bss.buffer    0x20000ad4       0x10 CMakeFiles/adc.elf.dir/Core/Src/main.c.obj
                0x20000ad4                buffer
 .bss.__sbrk_heap_end
                0x20000ae4        0x4 CMakeFiles/adc.elf.dir/Core/Src/sysmem.c.obj
 .bss.huart1    0x20000ae8       0x48 CMakeFiles/adc.elf.dir/Core/Src/usart.c.obj
                0x20000ae8                huart1
 .bss.uwTick    0x20000b30        0x4 CMakeFiles/adc.elf.dir/Drivers/STM32F4xx_HAL_Driver/Src/stm32f4xx_hal.c.obj
                0x20000b30                uwTick
 .bss.__lock___atexit_recursive_mutex
                0x20000b34        0x1 e:/gcc-arm-none-eabi-10.3-2021.10-win32/gcc-arm-none-eabi-10.3-2021.10/bin/../lib/gcc/arm-none-eabi/10.3.1/../../../../arm-none-eabi/lib/thumb/v7e-m/nofp\libg.a(lib_a-lock.o)
                0x20000b34                __lock___atexit_recursive_mutex
 *fill*         0x20000b35        0x3 
 .bss.__lock___malloc_recursive_mutex
                0x20000b38        0x1 e:/gcc-arm-none-eabi-10.3-2021.10-win32/gcc-arm-none-eabi-10.3-2021.10/bin/../lib/gcc/arm-none-eabi/10.3.1/../../../../arm-none-eabi/lib/thumb/v7e-m/nofp\libg.a(lib_a-lock.o)
                0x20000b38                __lock___malloc_recursive_mutex
 *fill*         0x20000b39        0x3 
 .bss.__lock___sfp_recursive_mutex
                0x20000b3c        0x1 e:/gcc-arm-none-eabi-10.3-2021.10-win32/gcc-arm-none-eabi-10.3-2021.10/bin/../lib/gcc/arm-none-eabi/10.3.1/../../../../arm-none-eabi/lib/thumb/v7e-m/nofp\libg.a(lib_a-lock.o)
                0x20000b3c                __lock___sfp_recursive_mutex
 *fill*         0x20000b3d        0x3 
 .bss.__lock___sinit_recursive_mutex
                0x20000b40        0x1 e:/gcc-arm-none-eabi-10.3-2021.10-win32/gcc-arm-none-eabi-10.3-2021.10/bin/../lib/gcc/arm-none-eabi/10.3.1/../../../../arm-none-eabi/lib/thumb/v7e-m/nofp\libg.a(lib_a-lock.o)
                0x20000b40                __lock___sinit_recursive_mutex
 *fill*         0x20000b41        0x3 
 .bss.__malloc_current_mallinfo
                0x20000b44       0x28 e:/gcc-arm-none-eabi-10.3-2021.10-win32/gcc-arm-none-eabi-10.3-2021.10/bin/../lib/gcc/arm-none-eabi/10.3.1/../../../../arm-none-eabi/lib/thumb/v7e-m/nofp\libg.a(lib_a-mallocr.o)
                0x20000b44                __malloc_current_mallinfo
 .bss.__malloc_max_sbrked_mem
                0x20000b6c        0x4 e:/gcc-arm-none-eabi-10.3-2021.10-win32/gcc-arm-none-eabi-10.3-2021.10/bin/../lib/gcc/arm-none-eabi/10.3.1/../../../../arm-none-eabi/lib/thumb/v7e-m/nofp\libg.a(lib_a-mallocr.o)
                0x20000b6c                __malloc_max_sbrked_mem
 .bss.__malloc_max_total_mem
                0x20000b70        0x4 e:/gcc-arm-none-eabi-10.3-2021.10-win32/gcc-arm-none-eabi-10.3-2021.10/bin/../lib/gcc/arm-none-eabi/10.3.1/../../../../arm-none-eabi/lib/thumb/v7e-m/nofp\libg.a(lib_a-mallocr.o)
                0x20000b70                __malloc_max_total_mem
 .bss.__malloc_top_pad
                0x20000b74        0x4 e:/gcc-arm-none-eabi-10.3-2021.10-win32/gcc-arm-none-eabi-10.3-2021.10/bin/../lib/gcc/arm-none-eabi/10.3.1/../../../../arm-none-eabi/lib/thumb/v7e-m/nofp\libg.a(lib_a-mallocr.o)
                0x20000b74                __malloc_top_pad
 .bss.errno     0x20000b78        0x4 e:/gcc-arm-none-eabi-10.3-2021.10-win32/gcc-arm-none-eabi-10.3-2021.10/bin/../lib/gcc/arm-none-eabi/10.3.1/../../../../arm-none-eabi/lib/thumb/v7e-m/nofp\libg.a(lib_a-reent.o)
                0x20000b78                errno
 *(COMMON)
                0x20000b7c                . = ALIGN (0x4)
                0x20000b7c                _ebss = .
                0x20000b7c                __bss_end__ = _ebss

._user_heap_stack
                0x20000b7c      0x604
                0x20000b80                . = ALIGN (0x8)
 *fill*         0x20000b7c        0x4 
                [!provide]                PROVIDE (end = .)
                0x20000b80                PROVIDE (_end = .)
                0x20000d80                . = (. + _Min_Heap_Size)
 *fill*         0x20000b80      0x200 
                0x20001180                . = (. + _Min_Stack_Size)
 *fill*         0x20000d80      0x400 
                0x20001180                . = ALIGN (0x8)

/DISCARD/
 libc.a(*)
 libm.a(*)
 libgcc.a(*)

.ARM.attributes
                0x00000000       0x2a
 *(.ARM.attributes)
 .ARM.attributes
                0x00000000       0x1e e:/gcc-arm-none-eabi-10.3-2021.10-win32/gcc-arm-none-eabi-10.3-2021.10/bin/../lib/gcc/arm-none-eabi/10.3.1/thumb/v7e-m/nofp/crti.o
 .ARM.attributes
                0x0000001e       0x2e e:/gcc-arm-none-eabi-10.3-2021.10-win32/gcc-arm-none-eabi-10.3-2021.10/bin/../lib/gcc/arm-none-eabi/10.3.1/thumb/v7e-m/nofp/crtbegin.o
 .ARM.attributes
                0x0000004c       0x2e CMakeFiles/adc.elf.dir/Core/Src/adc.c.obj
 .ARM.attributes
                0x0000007a       0x2e CMakeFiles/adc.elf.dir/Core/Src/dma.c.obj
 .ARM.attributes
                0x000000a8       0x2e CMakeFiles/adc.elf.dir/Core/Src/gpio.c.obj
 .ARM.attributes
                0x000000d6       0x2e CMakeFiles/adc.elf.dir/Core/Src/main.c.obj
 .ARM.attributes
                0x00000104       0x2e CMakeFiles/adc.elf.dir/Core/Src/stm32f4xx_hal_msp.c.obj
 .ARM.attributes
                0x00000132       0x2e CMakeFiles/adc.elf.dir/Core/Src/stm32f4xx_it.c.obj
 .ARM.attributes
                0x00000160       0x2e CMakeFiles/adc.elf.dir/Core/Src/syscalls.c.obj
 .ARM.attributes
                0x0000018e       0x2e CMakeFiles/adc.elf.dir/Core/Src/sysmem.c.obj
 .ARM.attributes
                0x000001bc       0x2e CMakeFiles/adc.elf.dir/Core/Src/system_stm32f4xx.c.obj
 .ARM.attributes
                0x000001ea       0x2e CMakeFiles/adc.elf.dir/Core/Src/usart.c.obj
 .ARM.attributes
                0x00000218       0x21 CMakeFiles/adc.elf.dir/Core/Startup/startup_stm32f407zgtx.s.obj
 .ARM.attributes
                0x00000239       0x2e CMakeFiles/adc.elf.dir/Drivers/STM32F4xx_HAL_Driver/Src/stm32f4xx_hal.c.obj
 .ARM.attributes
                0x00000267       0x2e CMakeFiles/adc.elf.dir/Drivers/STM32F4xx_HAL_Driver/Src/stm32f4xx_hal_adc.c.obj
 .ARM.attributes
                0x00000295       0x2e CMakeFiles/adc.elf.dir/Drivers/STM32F4xx_HAL_Driver/Src/stm32f4xx_hal_cortex.c.obj
 .ARM.attributes
                0x000002c3       0x2e CMakeFiles/adc.elf.dir/Drivers/STM32F4xx_HAL_Driver/Src/stm32f4xx_hal_dma.c.obj
 .ARM.attributes
                0x000002f1       0x2e CMakeFiles/adc.elf.dir/Drivers/STM32F4xx_HAL_Driver/Src/stm32f4xx_hal_gpio.c.obj
 .ARM.attributes
                0x0000031f       0x2e CMakeFiles/adc.elf.dir/Drivers/STM32F4xx_HAL_Driver/Src/stm32f4xx_hal_rcc.c.obj
 .ARM.attributes
                0x0000034d       0x2e CMakeFiles/adc.elf.dir/Drivers/STM32F4xx_HAL_Driver/Src/stm32f4xx_hal_uart.c.obj
 .ARM.attributes
                0x0000037b       0x1e e:/gcc-arm-none-eabi-10.3-2021.10-win32/gcc-arm-none-eabi-10.3-2021.10/bin/../lib/gcc/arm-none-eabi/10.3.1/thumb/v7e-m/nofp\libgcc.a(_aeabi_uldivmod.o)
 .ARM.attributes
                0x00000399       0x2e e:/gcc-arm-none-eabi-10.3-2021.10-win32/gcc-arm-none-eabi-10.3-2021.10/bin/../lib/gcc/arm-none-eabi/10.3.1/thumb/v7e-m/nofp\libgcc.a(_udivmoddi4.o)
 .ARM.attributes
                0x000003c7       0x1e e:/gcc-arm-none-eabi-10.3-2021.10-win32/gcc-arm-none-eabi-10.3-2021.10/bin/../lib/gcc/arm-none-eabi/10.3.1/thumb/v7e-m/nofp\libgcc.a(_dvmd_tls.o)
 .ARM.attributes
                0x000003e5       0x2e e:/gcc-arm-none-eabi-10.3-2021.10-win32/gcc-arm-none-eabi-10.3-2021.10/bin/../lib/gcc/arm-none-eabi/10.3.1/../../../../arm-none-eabi/lib/thumb/v7e-m/nofp\libg.a(lib_a-errno.o)
 .ARM.attributes
                0x00000413       0x2e e:/gcc-arm-none-eabi-10.3-2021.10-win32/gcc-arm-none-eabi-10.3-2021.10/bin/../lib/gcc/arm-none-eabi/10.3.1/../../../../arm-none-eabi/lib/thumb/v7e-m/nofp\libg.a(lib_a-impure.o)
 .ARM.attributes
                0x00000441       0x2e e:/gcc-arm-none-eabi-10.3-2021.10-win32/gcc-arm-none-eabi-10.3-2021.10/bin/../lib/gcc/arm-none-eabi/10.3.1/../../../../arm-none-eabi/lib/thumb/v7e-m/nofp\libg.a(lib_a-init.o)
 .ARM.attributes
                0x0000046f       0x2e e:/gcc-arm-none-eabi-10.3-2021.10-win32/gcc-arm-none-eabi-10.3-2021.10/bin/../lib/gcc/arm-none-eabi/10.3.1/../../../../arm-none-eabi/lib/thumb/v7e-m/nofp\libg.a(lib_a-memset.o)
 .ARM.attributes
                0x0000049d       0x2e e:/gcc-arm-none-eabi-10.3-2021.10-win32/gcc-arm-none-eabi-10.3-2021.10/bin/../lib/gcc/arm-none-eabi/10.3.1/../../../../arm-none-eabi/lib/thumb/v7e-m/nofp\libg.a(lib_a-snprintf.o)
 .ARM.attributes
                0x000004cb       0x2e e:/gcc-arm-none-eabi-10.3-2021.10-win32/gcc-arm-none-eabi-10.3-2021.10/bin/../lib/gcc/arm-none-eabi/10.3.1/../../../../arm-none-eabi/lib/thumb/v7e-m/nofp\libg.a(lib_a-svfprintf.o)
 .ARM.attributes
                0x000004f9       0x2e e:/gcc-arm-none-eabi-10.3-2021.10-win32/gcc-arm-none-eabi-10.3-2021.10/bin/../lib/gcc/arm-none-eabi/10.3.1/../../../../arm-none-eabi/lib/thumb/v7e-m/nofp\libg.a(lib_a-__call_atexit.o)
 .ARM.attributes
                0x00000527       0x2e e:/gcc-arm-none-eabi-10.3-2021.10-win32/gcc-arm-none-eabi-10.3-2021.10/bin/../lib/gcc/arm-none-eabi/10.3.1/../../../../arm-none-eabi/lib/thumb/v7e-m/nofp\libg.a(lib_a-atexit.o)
 .ARM.attributes
                0x00000555       0x2e e:/gcc-arm-none-eabi-10.3-2021.10-win32/gcc-arm-none-eabi-10.3-2021.10/bin/../lib/gcc/arm-none-eabi/10.3.1/../../../../arm-none-eabi/lib/thumb/v7e-m/nofp\libg.a(lib_a-dtoa.o)
 .ARM.attributes
                0x00000583       0x2e e:/gcc-arm-none-eabi-10.3-2021.10-win32/gcc-arm-none-eabi-10.3-2021.10/bin/../lib/gcc/arm-none-eabi/10.3.1/../../../../arm-none-eabi/lib/thumb/v7e-m/nofp\libg.a(lib_a-fini.o)
 .ARM.attributes
                0x000005b1       0x2e e:/gcc-arm-none-eabi-10.3-2021.10-win32/gcc-arm-none-eabi-10.3-2021.10/bin/../lib/gcc/arm-none-eabi/10.3.1/../../../../arm-none-eabi/lib/thumb/v7e-m/nofp\libg.a(lib_a-freer.o)
 .ARM.attributes
                0x000005df       0x2e e:/gcc-arm-none-eabi-10.3-2021.10-win32/gcc-arm-none-eabi-10.3-2021.10/bin/../lib/gcc/arm-none-eabi/10.3.1/../../../../arm-none-eabi/lib/thumb/v7e-m/nofp\libg.a(lib_a-localeconv.o)
 .ARM.attributes
                0x0000060d       0x2e e:/gcc-arm-none-eabi-10.3-2021.10-win32/gcc-arm-none-eabi-10.3-2021.10/bin/../lib/gcc/arm-none-eabi/10.3.1/../../../../arm-none-eabi/lib/thumb/v7e-m/nofp\libg.a(lib_a-lock.o)
 .ARM.attributes
                0x0000063b       0x2e e:/gcc-arm-none-eabi-10.3-2021.10-win32/gcc-arm-none-eabi-10.3-2021.10/bin/../lib/gcc/arm-none-eabi/10.3.1/../../../../arm-none-eabi/lib/thumb/v7e-m/nofp\libg.a(lib_a-mallocr.o)
 .ARM.attributes
                0x00000669       0x1c e:/gcc-arm-none-eabi-10.3-2021.10-win32/gcc-arm-none-eabi-10.3-2021.10/bin/../lib/gcc/arm-none-eabi/10.3.1/../../../../arm-none-eabi/lib/thumb/v7e-m/nofp\libg.a(lib_a-memchr.o)
 .ARM.attributes
                0x00000685       0x1c e:/gcc-arm-none-eabi-10.3-2021.10-win32/gcc-arm-none-eabi-10.3-2021.10/bin/../lib/gcc/arm-none-eabi/10.3.1/../../../../arm-none-eabi/lib/thumb/v7e-m/nofp\libg.a(lib_a-memcpy.o)
 .ARM.attributes
                0x000006a1       0x2e e:/gcc-arm-none-eabi-10.3-2021.10-win32/gcc-arm-none-eabi-10.3-2021.10/bin/../lib/gcc/arm-none-eabi/10.3.1/../../../../arm-none-eabi/lib/thumb/v7e-m/nofp\libg.a(lib_a-mlock.o)
 .ARM.attributes
                0x000006cf       0x2e e:/gcc-arm-none-eabi-10.3-2021.10-win32/gcc-arm-none-eabi-10.3-2021.10/bin/../lib/gcc/arm-none-eabi/10.3.1/../../../../arm-none-eabi/lib/thumb/v7e-m/nofp\libg.a(lib_a-mprec.o)
 .ARM.attributes
                0x000006fd       0x2e e:/gcc-arm-none-eabi-10.3-2021.10-win32/gcc-arm-none-eabi-10.3-2021.10/bin/../lib/gcc/arm-none-eabi/10.3.1/../../../../arm-none-eabi/lib/thumb/v7e-m/nofp\libg.a(lib_a-s_frexp.o)
 .ARM.attributes
                0x0000072b       0x2e e:/gcc-arm-none-eabi-10.3-2021.10-win32/gcc-arm-none-eabi-10.3-2021.10/bin/../lib/gcc/arm-none-eabi/10.3.1/../../../../arm-none-eabi/lib/thumb/v7e-m/nofp\libg.a(lib_a-sbrkr.o)
 .ARM.attributes
                0x00000759       0x1c e:/gcc-arm-none-eabi-10.3-2021.10-win32/gcc-arm-none-eabi-10.3-2021.10/bin/../lib/gcc/arm-none-eabi/10.3.1/../../../../arm-none-eabi/lib/thumb/v7e-m/nofp\libg.a(lib_a-strlen.o)
 .ARM.attributes
                0x00000775       0x2e e:/gcc-arm-none-eabi-10.3-2021.10-win32/gcc-arm-none-eabi-10.3-2021.10/bin/../lib/gcc/arm-none-eabi/10.3.1/../../../../arm-none-eabi/lib/thumb/v7e-m/nofp\libg.a(lib_a-strncpy.o)
 .ARM.attributes
                0x000007a3       0x2e e:/gcc-arm-none-eabi-10.3-2021.10-win32/gcc-arm-none-eabi-10.3-2021.10/bin/../lib/gcc/arm-none-eabi/10.3.1/../../../../arm-none-eabi/lib/thumb/v7e-m/nofp\libg.a(lib_a-svfiprintf.o)
 .ARM.attributes
                0x000007d1       0x2e e:/gcc-arm-none-eabi-10.3-2021.10-win32/gcc-arm-none-eabi-10.3-2021.10/bin/../lib/gcc/arm-none-eabi/10.3.1/../../../../arm-none-eabi/lib/thumb/v7e-m/nofp\libg.a(lib_a-__atexit.o)
 .ARM.attributes
                0x000007ff       0x2e e:/gcc-arm-none-eabi-10.3-2021.10-win32/gcc-arm-none-eabi-10.3-2021.10/bin/../lib/gcc/arm-none-eabi/10.3.1/../../../../arm-none-eabi/lib/thumb/v7e-m/nofp\libg.a(lib_a-assert.o)
 .ARM.attributes
                0x0000082d       0x2e e:/gcc-arm-none-eabi-10.3-2021.10-win32/gcc-arm-none-eabi-10.3-2021.10/bin/../lib/gcc/arm-none-eabi/10.3.1/../../../../arm-none-eabi/lib/thumb/v7e-m/nofp\libg.a(lib_a-callocr.o)
 .ARM.attributes
                0x0000085b       0x2e e:/gcc-arm-none-eabi-10.3-2021.10-win32/gcc-arm-none-eabi-10.3-2021.10/bin/../lib/gcc/arm-none-eabi/10.3.1/../../../../arm-none-eabi/lib/thumb/v7e-m/nofp\libg.a(lib_a-fiprintf.o)
 .ARM.attributes
                0x00000889       0x2e e:/gcc-arm-none-eabi-10.3-2021.10-win32/gcc-arm-none-eabi-10.3-2021.10/bin/../lib/gcc/arm-none-eabi/10.3.1/../../../../arm-none-eabi/lib/thumb/v7e-m/nofp\libg.a(lib_a-locale.o)
 .ARM.attributes
                0x000008b7       0x2e e:/gcc-arm-none-eabi-10.3-2021.10-win32/gcc-arm-none-eabi-10.3-2021.10/bin/../lib/gcc/arm-none-eabi/10.3.1/../../../../arm-none-eabi/lib/thumb/v7e-m/nofp\libg.a(lib_a-mbtowc_r.o)
 .ARM.attributes
                0x000008e5       0x2e e:/gcc-arm-none-eabi-10.3-2021.10-win32/gcc-arm-none-eabi-10.3-2021.10/bin/../lib/gcc/arm-none-eabi/10.3.1/../../../../arm-none-eabi/lib/thumb/v7e-m/nofp\libg.a(lib_a-memmove.o)
 .ARM.attributes
                0x00000913       0x2e e:/gcc-arm-none-eabi-10.3-2021.10-win32/gcc-arm-none-eabi-10.3-2021.10/bin/../lib/gcc/arm-none-eabi/10.3.1/../../../../arm-none-eabi/lib/thumb/v7e-m/nofp\libg.a(lib_a-reallocr.o)
 .ARM.attributes
                0x00000941       0x2e e:/gcc-arm-none-eabi-10.3-2021.10-win32/gcc-arm-none-eabi-10.3-2021.10/bin/../lib/gcc/arm-none-eabi/10.3.1/../../../../arm-none-eabi/lib/thumb/v7e-m/nofp\libg.a(lib_a-reent.o)
 .ARM.attributes
                0x0000096f       0x2e e:/gcc-arm-none-eabi-10.3-2021.10-win32/gcc-arm-none-eabi-10.3-2021.10/bin/../lib/gcc/arm-none-eabi/10.3.1/../../../../arm-none-eabi/lib/thumb/v7e-m/nofp\libg.a(lib_a-vfiprintf.o)
 .ARM.attributes
                0x0000099d       0x2e e:/gcc-arm-none-eabi-10.3-2021.10-win32/gcc-arm-none-eabi-10.3-2021.10/bin/../lib/gcc/arm-none-eabi/10.3.1/../../../../arm-none-eabi/lib/thumb/v7e-m/nofp\libg.a(lib_a-wctomb_r.o)
 .ARM.attributes
                0x000009cb       0x2e e:/gcc-arm-none-eabi-10.3-2021.10-win32/gcc-arm-none-eabi-10.3-2021.10/bin/../lib/gcc/arm-none-eabi/10.3.1/../../../../arm-none-eabi/lib/thumb/v7e-m/nofp\libg.a(lib_a-wsetup.o)
 .ARM.attributes
                0x000009f9       0x2e e:/gcc-arm-none-eabi-10.3-2021.10-win32/gcc-arm-none-eabi-10.3-2021.10/bin/../lib/gcc/arm-none-eabi/10.3.1/../../../../arm-none-eabi/lib/thumb/v7e-m/nofp\libg.a(lib_a-abort.o)
 .ARM.attributes
                0x00000a27       0x2e e:/gcc-arm-none-eabi-10.3-2021.10-win32/gcc-arm-none-eabi-10.3-2021.10/bin/../lib/gcc/arm-none-eabi/10.3.1/../../../../arm-none-eabi/lib/thumb/v7e-m/nofp\libg.a(lib_a-ctype_.o)
 .ARM.attributes
                0x00000a55       0x2e e:/gcc-arm-none-eabi-10.3-2021.10-win32/gcc-arm-none-eabi-10.3-2021.10/bin/../lib/gcc/arm-none-eabi/10.3.1/../../../../arm-none-eabi/lib/thumb/v7e-m/nofp\libg.a(lib_a-fflush.o)
 .ARM.attributes
                0x00000a83       0x2e e:/gcc-arm-none-eabi-10.3-2021.10-win32/gcc-arm-none-eabi-10.3-2021.10/bin/../lib/gcc/arm-none-eabi/10.3.1/../../../../arm-none-eabi/lib/thumb/v7e-m/nofp\libg.a(lib_a-findfp.o)
 .ARM.attributes
                0x00000ab1       0x2e e:/gcc-arm-none-eabi-10.3-2021.10-win32/gcc-arm-none-eabi-10.3-2021.10/bin/../lib/gcc/arm-none-eabi/10.3.1/../../../../arm-none-eabi/lib/thumb/v7e-m/nofp\libg.a(lib_a-fputwc.o)
 .ARM.attributes
                0x00000adf       0x2e e:/gcc-arm-none-eabi-10.3-2021.10-win32/gcc-arm-none-eabi-10.3-2021.10/bin/../lib/gcc/arm-none-eabi/10.3.1/../../../../arm-none-eabi/lib/thumb/v7e-m/nofp\libg.a(lib_a-fvwrite.o)
 .ARM.attributes
                0x00000b0d       0x2e e:/gcc-arm-none-eabi-10.3-2021.10-win32/gcc-arm-none-eabi-10.3-2021.10/bin/../lib/gcc/arm-none-eabi/10.3.1/../../../../arm-none-eabi/lib/thumb/v7e-m/nofp\libg.a(lib_a-fwalk.o)
 .ARM.attributes
                0x00000b3b       0x2e e:/gcc-arm-none-eabi-10.3-2021.10-win32/gcc-arm-none-eabi-10.3-2021.10/bin/../lib/gcc/arm-none-eabi/10.3.1/../../../../arm-none-eabi/lib/thumb/v7e-m/nofp\libg.a(lib_a-makebuf.o)
 .ARM.attributes
                0x00000b69       0x2e e:/gcc-arm-none-eabi-10.3-2021.10-win32/gcc-arm-none-eabi-10.3-2021.10/bin/../lib/gcc/arm-none-eabi/10.3.1/../../../../arm-none-eabi/lib/thumb/v7e-m/nofp\libg.a(lib_a-signal.o)
 .ARM.attributes
                0x00000b97       0x2e e:/gcc-arm-none-eabi-10.3-2021.10-win32/gcc-arm-none-eabi-10.3-2021.10/bin/../lib/gcc/arm-none-eabi/10.3.1/../../../../arm-none-eabi/lib/thumb/v7e-m/nofp\libg.a(lib_a-signalr.o)
 .ARM.attributes
                0x00000bc5       0x2e e:/gcc-arm-none-eabi-10.3-2021.10-win32/gcc-arm-none-eabi-10.3-2021.10/bin/../lib/gcc/arm-none-eabi/10.3.1/../../../../arm-none-eabi/lib/thumb/v7e-m/nofp\libg.a(lib_a-stdio.o)
 .ARM.attributes
                0x00000bf3       0x2e e:/gcc-arm-none-eabi-10.3-2021.10-win32/gcc-arm-none-eabi-10.3-2021.10/bin/../lib/gcc/arm-none-eabi/10.3.1/../../../../arm-none-eabi/lib/thumb/v7e-m/nofp\libg.a(lib_a-wbuf.o)
 .ARM.attributes
                0x00000c21       0x2e e:/gcc-arm-none-eabi-10.3-2021.10-win32/gcc-arm-none-eabi-10.3-2021.10/bin/../lib/gcc/arm-none-eabi/10.3.1/../../../../arm-none-eabi/lib/thumb/v7e-m/nofp\libg.a(lib_a-wcrtomb.o)
 .ARM.attributes
                0x00000c4f       0x2e e:/gcc-arm-none-eabi-10.3-2021.10-win32/gcc-arm-none-eabi-10.3-2021.10/bin/../lib/gcc/arm-none-eabi/10.3.1/../../../../arm-none-eabi/lib/thumb/v7e-m/nofp\libg.a(lib_a-writer.o)
 .ARM.attributes
                0x00000c7d       0x2e e:/gcc-arm-none-eabi-10.3-2021.10-win32/gcc-arm-none-eabi-10.3-2021.10/bin/../lib/gcc/arm-none-eabi/10.3.1/../../../../arm-none-eabi/lib/thumb/v7e-m/nofp\libg.a(lib_a-closer.o)
 .ARM.attributes
                0x00000cab       0x2e e:/gcc-arm-none-eabi-10.3-2021.10-win32/gcc-arm-none-eabi-10.3-2021.10/bin/../lib/gcc/arm-none-eabi/10.3.1/../../../../arm-none-eabi/lib/thumb/v7e-m/nofp\libg.a(lib_a-fclose.o)
 .ARM.attributes
                0x00000cd9       0x2e e:/gcc-arm-none-eabi-10.3-2021.10-win32/gcc-arm-none-eabi-10.3-2021.10/bin/../lib/gcc/arm-none-eabi/10.3.1/../../../../arm-none-eabi/lib/thumb/v7e-m/nofp\libg.a(lib_a-fstatr.o)
 .ARM.attributes
                0x00000d07       0x2e e:/gcc-arm-none-eabi-10.3-2021.10-win32/gcc-arm-none-eabi-10.3-2021.10/bin/../lib/gcc/arm-none-eabi/10.3.1/../../../../arm-none-eabi/lib/thumb/v7e-m/nofp\libg.a(lib_a-isattyr.o)
 .ARM.attributes
                0x00000d35       0x2e e:/gcc-arm-none-eabi-10.3-2021.10-win32/gcc-arm-none-eabi-10.3-2021.10/bin/../lib/gcc/arm-none-eabi/10.3.1/../../../../arm-none-eabi/lib/thumb/v7e-m/nofp\libg.a(lib_a-lseekr.o)
 .ARM.attributes
                0x00000d63       0x2e e:/gcc-arm-none-eabi-10.3-2021.10-win32/gcc-arm-none-eabi-10.3-2021.10/bin/../lib/gcc/arm-none-eabi/10.3.1/../../../../arm-none-eabi/lib/thumb/v7e-m/nofp\libg.a(lib_a-readr.o)
 .ARM.attributes
                0x00000d91       0x1e e:/gcc-arm-none-eabi-10.3-2021.10-win32/gcc-arm-none-eabi-10.3-2021.10/bin/../lib/gcc/arm-none-eabi/10.3.1/thumb/v7e-m/nofp\libgcc.a(_arm_addsubdf3.o)
 .ARM.attributes
                0x00000daf       0x1e e:/gcc-arm-none-eabi-10.3-2021.10-win32/gcc-arm-none-eabi-10.3-2021.10/bin/../lib/gcc/arm-none-eabi/10.3.1/thumb/v7e-m/nofp\libgcc.a(_arm_muldivdf3.o)
 .ARM.attributes
                0x00000dcd       0x1e e:/gcc-arm-none-eabi-10.3-2021.10-win32/gcc-arm-none-eabi-10.3-2021.10/bin/../lib/gcc/arm-none-eabi/10.3.1/thumb/v7e-m/nofp\libgcc.a(_arm_cmpdf2.o)
 .ARM.attributes
                0x00000deb       0x1e e:/gcc-arm-none-eabi-10.3-2021.10-win32/gcc-arm-none-eabi-10.3-2021.10/bin/../lib/gcc/arm-none-eabi/10.3.1/thumb/v7e-m/nofp\libgcc.a(_arm_unorddf2.o)
 .ARM.attributes
                0x00000e09       0x1e e:/gcc-arm-none-eabi-10.3-2021.10-win32/gcc-arm-none-eabi-10.3-2021.10/bin/../lib/gcc/arm-none-eabi/10.3.1/thumb/v7e-m/nofp\libgcc.a(_arm_fixdfsi.o)
 .ARM.attributes
                0x00000e27       0x1e e:/gcc-arm-none-eabi-10.3-2021.10-win32/gcc-arm-none-eabi-10.3-2021.10/bin/../lib/gcc/arm-none-eabi/10.3.1/thumb/v7e-m/nofp/crtn.o
OUTPUT(adc.elf elf32-littlearm)
LOAD linker stubs
LOAD e:/gcc-arm-none-eabi-10.3-2021.10-win32/gcc-arm-none-eabi-10.3-2021.10/bin/../lib/gcc/arm-none-eabi/10.3.1/../../../../arm-none-eabi/lib/thumb/v7e-m/nofp\libc.a
LOAD e:/gcc-arm-none-eabi-10.3-2021.10-win32/gcc-arm-none-eabi-10.3-2021.10/bin/../lib/gcc/arm-none-eabi/10.3.1/../../../../arm-none-eabi/lib/thumb/v7e-m/nofp\libm.a
LOAD e:/gcc-arm-none-eabi-10.3-2021.10-win32/gcc-arm-none-eabi-10.3-2021.10/bin/../lib/gcc/arm-none-eabi/10.3.1/thumb/v7e-m/nofp\libgcc.a

.debug_info     0x00000000     0xcca2
 .debug_info    0x00000000      0xac2 CMakeFiles/adc.elf.dir/Core/Src/adc.c.obj
 .debug_info    0x00000ac2      0x4fc CMakeFiles/adc.elf.dir/Core/Src/dma.c.obj
 .debug_info    0x00000fbe      0x2c1 CMakeFiles/adc.elf.dir/Core/Src/gpio.c.obj
 .debug_info    0x0000127f      0xe74 CMakeFiles/adc.elf.dir/Core/Src/main.c.obj
 .debug_info    0x000020f3      0x2a4 CMakeFiles/adc.elf.dir/Core/Src/stm32f4xx_hal_msp.c.obj
 .debug_info    0x00002397      0x6cc CMakeFiles/adc.elf.dir/Core/Src/stm32f4xx_it.c.obj
 .debug_info    0x00002a63      0x7af CMakeFiles/adc.elf.dir/Core/Src/syscalls.c.obj
 .debug_info    0x00003212      0x174 CMakeFiles/adc.elf.dir/Core/Src/sysmem.c.obj
 .debug_info    0x00003386      0x37d CMakeFiles/adc.elf.dir/Core/Src/system_stm32f4xx.c.obj
 .debug_info    0x00003703      0xc80 CMakeFiles/adc.elf.dir/Core/Src/usart.c.obj
 .debug_info    0x00004383       0x22 CMakeFiles/adc.elf.dir/Core/Startup/startup_stm32f407zgtx.s.obj
 .debug_info    0x000043a5      0x9f0 CMakeFiles/adc.elf.dir/Drivers/STM32F4xx_HAL_Driver/Src/stm32f4xx_hal.c.obj
 .debug_info    0x00004d95      0xee1 CMakeFiles/adc.elf.dir/Drivers/STM32F4xx_HAL_Driver/Src/stm32f4xx_hal_adc.c.obj
 .debug_info    0x00005c76     0x10ab CMakeFiles/adc.elf.dir/Drivers/STM32F4xx_HAL_Driver/Src/stm32f4xx_hal_cortex.c.obj
 .debug_info    0x00006d21      0xb3f CMakeFiles/adc.elf.dir/Drivers/STM32F4xx_HAL_Driver/Src/stm32f4xx_hal_dma.c.obj
 .debug_info    0x00007860      0x7b0 CMakeFiles/adc.elf.dir/Drivers/STM32F4xx_HAL_Driver/Src/stm32f4xx_hal_gpio.c.obj
 .debug_info    0x00008010      0xb03 CMakeFiles/adc.elf.dir/Drivers/STM32F4xx_HAL_Driver/Src/stm32f4xx_hal_rcc.c.obj
 .debug_info    0x00008b13     0x418f CMakeFiles/adc.elf.dir/Drivers/STM32F4xx_HAL_Driver/Src/stm32f4xx_hal_uart.c.obj

.debug_abbrev   0x00000000     0x1fdc
 .debug_abbrev  0x00000000      0x1db CMakeFiles/adc.elf.dir/Core/Src/adc.c.obj
 .debug_abbrev  0x000001db      0x126 CMakeFiles/adc.elf.dir/Core/Src/dma.c.obj
 .debug_abbrev  0x00000301       0xd1 CMakeFiles/adc.elf.dir/Core/Src/gpio.c.obj
 .debug_abbrev  0x000003d2      0x251 CMakeFiles/adc.elf.dir/Core/Src/main.c.obj
 .debug_abbrev  0x00000623       0xd1 CMakeFiles/adc.elf.dir/Core/Src/stm32f4xx_hal_msp.c.obj
 .debug_abbrev  0x000006f4      0x16e CMakeFiles/adc.elf.dir/Core/Src/stm32f4xx_it.c.obj
 .debug_abbrev  0x00000862      0x1a3 CMakeFiles/adc.elf.dir/Core/Src/syscalls.c.obj
 .debug_abbrev  0x00000a05       0xe7 CMakeFiles/adc.elf.dir/Core/Src/sysmem.c.obj
 .debug_abbrev  0x00000aec      0x119 CMakeFiles/adc.elf.dir/Core/Src/system_stm32f4xx.c.obj
 .debug_abbrev  0x00000c05      0x1e3 CMakeFiles/adc.elf.dir/Core/Src/usart.c.obj
 .debug_abbrev  0x00000de8       0x12 CMakeFiles/adc.elf.dir/Core/Startup/startup_stm32f407zgtx.s.obj
 .debug_abbrev  0x00000dfa      0x206 CMakeFiles/adc.elf.dir/Drivers/STM32F4xx_HAL_Driver/Src/stm32f4xx_hal.c.obj
 .debug_abbrev  0x00001000      0x23a CMakeFiles/adc.elf.dir/Drivers/STM32F4xx_HAL_Driver/Src/stm32f4xx_hal_adc.c.obj
 .debug_abbrev  0x0000123a      0x36a CMakeFiles/adc.elf.dir/Drivers/STM32F4xx_HAL_Driver/Src/stm32f4xx_hal_cortex.c.obj
 .debug_abbrev  0x000015a4      0x2c2 CMakeFiles/adc.elf.dir/Drivers/STM32F4xx_HAL_Driver/Src/stm32f4xx_hal_dma.c.obj
 .debug_abbrev  0x00001866      0x1ef CMakeFiles/adc.elf.dir/Drivers/STM32F4xx_HAL_Driver/Src/stm32f4xx_hal_gpio.c.obj
 .debug_abbrev  0x00001a55      0x28a CMakeFiles/adc.elf.dir/Drivers/STM32F4xx_HAL_Driver/Src/stm32f4xx_hal_rcc.c.obj
 .debug_abbrev  0x00001cdf      0x2fd CMakeFiles/adc.elf.dir/Drivers/STM32F4xx_HAL_Driver/Src/stm32f4xx_hal_uart.c.obj

.debug_loc      0x00000000     0x7875
 .debug_loc     0x00000000       0x71 CMakeFiles/adc.elf.dir/Core/Src/adc.c.obj
 .debug_loc     0x00000071       0x6c CMakeFiles/adc.elf.dir/Core/Src/main.c.obj
 .debug_loc     0x000000dd      0x3c5 CMakeFiles/adc.elf.dir/Core/Src/syscalls.c.obj
 .debug_loc     0x000004a2       0x64 CMakeFiles/adc.elf.dir/Core/Src/sysmem.c.obj
 .debug_loc     0x00000506      0x158 CMakeFiles/adc.elf.dir/Core/Src/system_stm32f4xx.c.obj
 .debug_loc     0x0000065e       0x84 CMakeFiles/adc.elf.dir/Core/Src/usart.c.obj
 .debug_loc     0x000006e2      0x141 CMakeFiles/adc.elf.dir/Drivers/STM32F4xx_HAL_Driver/Src/stm32f4xx_hal.c.obj
 .debug_loc     0x00000823      0xba1 CMakeFiles/adc.elf.dir/Drivers/STM32F4xx_HAL_Driver/Src/stm32f4xx_hal_adc.c.obj
 .debug_loc     0x000013c4      0x744 CMakeFiles/adc.elf.dir/Drivers/STM32F4xx_HAL_Driver/Src/stm32f4xx_hal_cortex.c.obj
 .debug_loc     0x00001b08      0xbf9 CMakeFiles/adc.elf.dir/Drivers/STM32F4xx_HAL_Driver/Src/stm32f4xx_hal_dma.c.obj
 .debug_loc     0x00002701      0x520 CMakeFiles/adc.elf.dir/Drivers/STM32F4xx_HAL_Driver/Src/stm32f4xx_hal_gpio.c.obj
 .debug_loc     0x00002c21      0x58c CMakeFiles/adc.elf.dir/Drivers/STM32F4xx_HAL_Driver/Src/stm32f4xx_hal_rcc.c.obj
 .debug_loc     0x000031ad     0x46c8 CMakeFiles/adc.elf.dir/Drivers/STM32F4xx_HAL_Driver/Src/stm32f4xx_hal_uart.c.obj

.debug_aranges  0x00000000      0x878
 .debug_aranges
                0x00000000       0x30 CMakeFiles/adc.elf.dir/Core/Src/adc.c.obj
 .debug_aranges
                0x00000030       0x20 CMakeFiles/adc.elf.dir/Core/Src/dma.c.obj
 .debug_aranges
                0x00000050       0x20 CMakeFiles/adc.elf.dir/Core/Src/gpio.c.obj
 .debug_aranges
                0x00000070       0x30 CMakeFiles/adc.elf.dir/Core/Src/main.c.obj
 .debug_aranges
                0x000000a0       0x20 CMakeFiles/adc.elf.dir/Core/Src/stm32f4xx_hal_msp.c.obj
 .debug_aranges
                0x000000c0       0x70 CMakeFiles/adc.elf.dir/Core/Src/stm32f4xx_it.c.obj
 .debug_aranges
                0x00000130       0xa8 CMakeFiles/adc.elf.dir/Core/Src/syscalls.c.obj
 .debug_aranges
                0x000001d8       0x20 CMakeFiles/adc.elf.dir/Core/Src/sysmem.c.obj
 .debug_aranges
                0x000001f8       0x28 CMakeFiles/adc.elf.dir/Core/Src/system_stm32f4xx.c.obj
 .debug_aranges
                0x00000220       0x30 CMakeFiles/adc.elf.dir/Core/Src/usart.c.obj
 .debug_aranges
                0x00000250       0x28 CMakeFiles/adc.elf.dir/Core/Startup/startup_stm32f407zgtx.s.obj
 .debug_aranges
                0x00000278       0xf0 CMakeFiles/adc.elf.dir/Drivers/STM32F4xx_HAL_Driver/Src/stm32f4xx_hal.c.obj
 .debug_aranges
                0x00000368       0xe8 CMakeFiles/adc.elf.dir/Drivers/STM32F4xx_HAL_Driver/Src/stm32f4xx_hal_adc.c.obj
 .debug_aranges
                0x00000450       0xb0 CMakeFiles/adc.elf.dir/Drivers/STM32F4xx_HAL_Driver/Src/stm32f4xx_hal_cortex.c.obj
 .debug_aranges
                0x00000500       0x90 CMakeFiles/adc.elf.dir/Drivers/STM32F4xx_HAL_Driver/Src/stm32f4xx_hal_dma.c.obj
 .debug_aranges
                0x00000590       0x58 CMakeFiles/adc.elf.dir/Drivers/STM32F4xx_HAL_Driver/Src/stm32f4xx_hal_gpio.c.obj
 .debug_aranges
                0x000005e8       0x88 CMakeFiles/adc.elf.dir/Drivers/STM32F4xx_HAL_Driver/Src/stm32f4xx_hal_rcc.c.obj
 .debug_aranges
                0x00000670      0x208 CMakeFiles/adc.elf.dir/Drivers/STM32F4xx_HAL_Driver/Src/stm32f4xx_hal_uart.c.obj

.debug_ranges   0x00000000      0x828
 .debug_ranges  0x00000000       0x20 CMakeFiles/adc.elf.dir/Core/Src/adc.c.obj
 .debug_ranges  0x00000020       0x10 CMakeFiles/adc.elf.dir/Core/Src/dma.c.obj
 .debug_ranges  0x00000030       0x10 CMakeFiles/adc.elf.dir/Core/Src/gpio.c.obj
 .debug_ranges  0x00000040       0x58 CMakeFiles/adc.elf.dir/Core/Src/main.c.obj
 .debug_ranges  0x00000098       0x10 CMakeFiles/adc.elf.dir/Core/Src/stm32f4xx_hal_msp.c.obj
 .debug_ranges  0x000000a8       0x60 CMakeFiles/adc.elf.dir/Core/Src/stm32f4xx_it.c.obj
 .debug_ranges  0x00000108       0x98 CMakeFiles/adc.elf.dir/Core/Src/syscalls.c.obj
 .debug_ranges  0x000001a0       0x10 CMakeFiles/adc.elf.dir/Core/Src/sysmem.c.obj
 .debug_ranges  0x000001b0       0x18 CMakeFiles/adc.elf.dir/Core/Src/system_stm32f4xx.c.obj
 .debug_ranges  0x000001c8       0x20 CMakeFiles/adc.elf.dir/Core/Src/usart.c.obj
 .debug_ranges  0x000001e8       0x20 CMakeFiles/adc.elf.dir/Core/Startup/startup_stm32f407zgtx.s.obj
 .debug_ranges  0x00000208       0xe0 CMakeFiles/adc.elf.dir/Drivers/STM32F4xx_HAL_Driver/Src/stm32f4xx_hal.c.obj
 .debug_ranges  0x000002e8       0xd8 CMakeFiles/adc.elf.dir/Drivers/STM32F4xx_HAL_Driver/Src/stm32f4xx_hal_adc.c.obj
 .debug_ranges  0x000003c0      0x100 CMakeFiles/adc.elf.dir/Drivers/STM32F4xx_HAL_Driver/Src/stm32f4xx_hal_cortex.c.obj
 .debug_ranges  0x000004c0       0x80 CMakeFiles/adc.elf.dir/Drivers/STM32F4xx_HAL_Driver/Src/stm32f4xx_hal_dma.c.obj